
> frontend@0.1.0 build
> next build --webpack

▲ Next.js 16.1.6 (webpack)
- Environments: .env.local
- Experiments (use with caution):
  · optimizePackageImports

  Creating an optimized production build ...
Failed to compile.

./node_modules/recharts/es6/util/ReactUtils.js
Module not found: /home/knights/Documents/Drips Miantainer Project/Web3-Student-Lab/package.json (directory description file): Syntax/home/knights/Documents/Drips Miantainer Project/Web3-Student-Lab/package.json (directory description file): SyntaxError: /home/knights/Documents/Drips Miantainer Project/Web3-Student-Lab/package.json (directory description file): SyntaxError: /home/knights/Documents/Drips Miantainer Project/Web3-Student-Lab/package.json (directory description file): SyntaxError: /home/knights/Documents/Drips Miantainer Project/Web3-Student-Lab/package.json (directory description file): SyntaxError: /home/knights/Documents/Drips Miantainer Project/Web3-Student-Lab/package.json (directory description file): SyntaxError: /home/knights/Documents/Drips Miantainer Project/Web3-Student-Lab/package.json (directory description file): SyntaxError: /home/knights/Documents/Drips Miantainer Project/Web3-Student-Lab/package.json (directory description file): SyntaxError: /home/knights/Documents/Drips Miantainer Project/Web3-Student-Lab/package.json (directory description file): SyntaxError: /home/knights/Documents/Drips Miantainer Project/Web3-Student-Lab/package.json (directory description file): SyntaxError: /home/knights/Documents/Drips Miantainer Project/Web3-Student-Lab/package.json (directory description file): SyntaxError: /home/knights/Documents/Drips Miantainer Project/Web3-Student-Lab/package.json (directory description file): SyntaxError: /home/knights/Documents/Drips Miantainer Project/Web3-Student-Lab/package.json (directory description file): SyntaxError: /home/knights/Documents/Drips Miantainer Project/Web3-Student-Lab/package.json (directory description file): SyntaxError: /home/knights/Documents/Drips Miantainer Project/Web3-Student-Lab/package.json (directory description file): SyntaxError: /home/knights/Documents/Drips Miantainer Project/Web3-Student-Lab/package.json (directory description file): SyntaxError: /home/knights/Documents/Drips Miantainer Project/Web3-Student-Lab/package.json (directory description file): SyntaxError: /home/knights/Documents/Drips Miantainer Project/Web3-Student-Lab/package.json (directory description file): SyntaxError: /home/knights/Documents/Drips Miantainer Project/Web3-Student-Lab/package.json (directory description file): SyntaxError: /home/knights/Documents/Drips Miantainer Project/Web3-Student-Lab/package.json (directory description file): SyntaxError: /home/knights/Documents/Drips Miantainer Project/Web3-Student-Lab/package.json (directory description file): SyntaxError: /home/knights/Documents/Drips Miantainer Project/Web3-Student-Lab/package.json (directory description file): SyntaxError: /home/knights/Documents/Drips Miantainer Project/Web3-Student-Lab/package.json (directory description file): SyntaxError: /home/knights/Documents/Drips Miantainer Project/Web3-Student-Lab/package.json (directory description file): SyntaxError: /home/knights/Documents/Drips Miantainer Project/Web3-Student-Lab/package.json (directory description file): SyntaxError: /home/knights/Documents/Drips Miantainer Project/Web3-Student-Lab/package.json (directory description file): SyntaxError: /home/knights/Documents/Drips Miantainer Project/Web3-Student-Lab/package.json (directory description file): SyntaxError: /home/knights/Documents/Drips Miantainer Project/Web3-Student-Lab/package.json (directory description file): SyntaxError: /home/knights/Documents/Drips Miantainer Project/Web3-Student-Lab/package.json (directory description file): SyntaxError: /home/knights/Documents/Drips Miantainer Project/Web3-Student-Lab/package.json (directory description file): SyntaxError: /home/knights/Documents/Drips Miantainer Project/Web3-Student-Lab/package.json (directory description file): SyntaxError: /home/knights/Documents/Drips Miantainer Project/Web3-Student-Lab/package.json (directory description file): SyntaxError: /home/knights/Documents/Drips Miantainer Project/Web3-Student-Lab/package.json (directory description file): SyntaxError: /home/knights/Documents/Drips Miantainer Project/Web3-Student-Lab/package.json (directory description file): SyntaxError: /home/knights/Documents/Drips Miantainer Project/Web3-Student-Lab/package.json (directory description file): SyntaxError: /home/knights/Documents/Drips Miantainer Project/Web3-Student-Lab/package.json (directory description file): SyntaxError: /home/knights/Documents/Drips Miantainer Project/Web3-Student-Lab/package.json (directory description file): SyntaxError: /home/knights/Documents/Drips Miantainer Project/Web3-Student-Lab/package.json (directory description file): SyntaxError: /home/knights/Documents/Drips Miantainer Project/Web3-Student-Lab/package.json (directory description file): SyntaxError: /home/knights/Documents/Drips Miantainer Project/Web3-Student-Lab/package.json (directory description file): SyntaxError: /home/knights/Documents/Drips Miantainer Project/Web3-Student-Lab/package.json (directory description file): SyntaxError: /home/knights/Documents/Drips Miantainer Project/Web3-Student-Lab/package.json (directory description file): SyntaxError: /home/knights/Documents/Drips Miantainer Project/Web3-Student-Lab/package.json (directory description file): SyntaxError: /home/knights/Documents/Drips Miantainer Project/Web3-Student-Lab/package.json (directory description file): SyntaxError: /home/knights/Documents/Drips Miantainer Project/Web3-Student-Lab/package.json (directory description file): SyntaxError: /home/knights/Documents/Drips Miantainer Project/Web3-Student-Lab/package.json (directory description file): SyntaxError: /home/knights/Documents/Drips Miantainer Project/Web3-Student-Lab/package.json (directory description file): SyntaxError: /home/knights/Documents/Drips Miantainer Project/Web3-Student-Lab/package.json (directory description file): SyntaxError: /home/knights/Documents/Drips Miantainer Project/Web3-Student-Lab/package.json (directory description file): SyntaxError: /home/knights/Documents/Drips Miantainer Project/Web3-Student-Lab/package.json (directory description file): SyntaxError: /home/knights/Documents/Drips Miantainer Project/Web3-Student-Lab/package.json (directory description file): SyntaxError: /home/knights/Documents/Drips Miantainer Project/Web3-Student-Lab/package.json (directory description file): SyntaxError: /home/knights/Documents/Drips Miantainer Project/Web3-Student-Lab/package.json (directory description file): SyntaxError: /home/knights/Documents/Drips Miantainer Project/Web3-Student-Lab/package.json (directory description file): SyntaxError: /home/knights/Documents/Drips Miantainer Project/Web3-Student-Lab/package.json (directory description file): SyntaxError: /home/knights/Documents/Drips Miantainer Project/Web3-Student-Lab/package.json (directory description file): SyntaxError: /home/knights/Documents/Drips Miantainer Project/Web3-Student-Lab/package.json (directory description file): SyntaxError: /home/knights/Documents/Drips Miantainer Project/Web3-Student-Lab/package.json (directory description file): SyntaxError: /home/knights/Documents/Drips Miantainer Project/Web3-Student-Lab/package.json (directory description file): SyntaxError: /home/knights/Documents/Drips Miantainer Project/Web3-Student-Lab/package.json (directory description file): SyntaxError: /home/knights/Documents/Drips Miantainer Project/Web3-Student-Lab/package.json (directory description file): SyntaxError: /home/knights/Documents/Drips Miantainer Project/Web3-Student-Lab/package.json (directory description file): SyntaxError: /home/knights/Documents/Drips Miantainer Project/Web3-Student-Lab/package.json (directory description file): SyntaxError: /home/knights/Documents/Drips Miantainer Project/Web3-Student-Lab/package.json (directory description file): SyntaxError: /home/knights/Documents/Drips Miantainer Project/Web3-Student-Lab/package.json (directory description file): SyntaxError: /home/knights/Documents/Drips Miantainer Project/Web3-Student-Lab/package.json (directory description file): SyntaxError: /home/knights/Documents/Drips Miantainer Project/Web3-Student-Lab/package.json (directory description file): SyntaxError: /home/knights/Documents/Drips Miantainer Project/Web3-Student-Lab/package.json (directory description file): SyntaxError: /home/knights/Documents/Drips Miantainer Project/Web3-Student-Lab/package.json (directory description file): SyntaxError: /home/knights/Documents/Drips Miantainer Project/Web3-Student-Lab/package.json (directory description file): SyntaxError: /home/knights/Documents/Drips Miantainer Project/Web3-Student-Lab/package.json (directory description file): SyntaxError: /home/knights/Documents/Drips Miantainer Project/Web3-Student-Lab/package.json (directory description file): SyntaxError: /home/knights/Documents/Drips Miantainer Project/Web3-Student-Lab/package.json (directory description file): SyntaxError: /home/knights/Documents/Drips Miantainer Project/Web3-Student-Lab/package.json (directory description file): SyntaxError: /home/knights/Documents/Drips Miantainer Project/Web3-Student-Lab/package.json (directory description file): SyntaxError: /home/knights/Documents/Drips Miantainer Project/Web3-Student-Lab/package.json (directory description file): SyntaxError: /home/knights/Documents/Drips Miantainer Project/Web3-Student-Lab/package.json (directory description file): SyntaxError: /home/knights/Documents/Drips Miantainer Project/Web3-Student-Lab/package.json (directory description file): SyntaxError: /home/knights/Documents/Drips Miantainer Project/Web3-Student-Lab/package.json (directory description file): SyntaxError: /home/knights/Documents/Drips Miantainer Project/Web3-Student-Lab/package.json (directory description file): SyntaxError: /home/knights/Documents/Drips Miantainer Project/Web3-Student-Lab/package.json (directory description file): SyntaxError: /home/knights/Documents/Drips Miantainer Project/Web3-Student-Lab/package.json (directory description file): SyntaxError: /home/knights/Documents/Drips Miantainer Project/Web3-Student-Lab/package.json (directory description file): SyntaxError: /home/knights/Documents/Drips Miantainer Project/Web3-Student-Lab/package.json (directory description file): SyntaxError: /home/knights/Documents/Drips Miantainer Project/Web3-Student-Lab/package.json (directory description file): SyntaxError: /home/knights/Documents/Drips Miantainer Project/Web3-Student-Lab/package.json (directory description file): SyntaxError: /home/knights/Documents/Drips Miantainer Project/Web3-Student-Lab/package.json (directory description file): SyntaxError: /home/knights/Documents/Drips Miantainer Project/Web3-Student-Lab/package.json (directory description file): SyntaxError: /home/knights/Documents/Drips Miantainer Project/Web3-Student-Lab/package.json (directory description file): SyntaxError: /home/knights/Documents/Drips Miantainer Project/Web3-Student-Lab/package.json (directory description file): SyntaxError: /home/knights/Documents/Drips Miantainer Project/Web3-Student-Lab/package.json (directory description file): SyntaxError: /home/knights/Documents/Drips Miantainer Project/Web3-Student-Lab/package.json (directory description file): SyntaxError: /home/knights/Documents/Drips Miantainer Project/Web3-Student-Lab/package.json (directory description file): SyntaxError: /home/knights/Documents/Drips Miantainer Project/Web3-Student-Lab/package.json (directory description file): SyntaxError: /home/knights/Documents/Drips Miantainer Project/Web3-Student-Lab/package.json (directory description file): SyntaxError: /home/knights/Documents/Drips Miantainer Project/Web3-Student-Lab/package.json (directory description file): SyntaxError: /home/knights/Documents/Drips Miantainer Project/Web3-Student-Lab/package.json (directory description file): SyntaxError: /home/knights/Documents/Drips Miantainer Project/Web3-Student-Lab/package.json (directory description file): SyntaxError: /home/knights/Documents/Drips Miantainer Project/Web3-Student-Lab/package.json (directory description file): SyntaxError: /home/knights/Documents/Drips Miantainer Project/Web3-Student-Lab/package.json (directory description file): SyntaxError: /home/knights/Documents/Drips Miantainer Project/Web3-Student-Lab/package.json (directory description file): SyntaxError: /home/knights/Documents/Drips Miantainer Project/Web3-Student-Lab/package.json (directory description file): SyntaxError: /home/knights/Documents/Drips Miantainer Project/Web3-Student-Lab/package.json (directory description file): SyntaxError: /home/knights/Documents/Drips Miantainer Project/Web3-Student-Lab/package.json (directory description file): SyntaxError: /home/knights/Documents/Drips Miantainer Project/Web3-Student-Lab/package.json (directory description file): SyntaxError: /home/knights/Documents/Drips Miantainer Project/Web3-Student-Lab/package.json (directory description file): SyntaxError: /home/knights/Documents/Drips Miantainer Project/Web3-Student-Lab/package.json (directory description file): SyntaxError: /home/knights/Documents/Drips Miantainer Project/Web3-Student-Lab/package.json (directory description file): SyntaxError: /home/knights/Documents/Drips Miantainer Project/Web3-Student-Lab/package.json (directory description file): SyntaxError: /home/knights/Documents/Drips Miantainer Project/Web3-Student-Lab/package.json (directory description file): SyntaxError: /home/knights/Documents/Drips Miantainer Project/Web3-Student-Lab/package.json (directory description file): SyntaxError: /home/knights/Documents/Drips Miantainer Project/Web3-Student-Lab/package.json (directory description file): SyntaxError: /home/knights/Documents/Drips Miantainer Project/Web3-Student-Lab/package.json (directory description file): SyntaxError: /home/knights/Documents/Drips Miantainer Project/Web3-Student-Lab/package.json (directory description file): SyntaxError: /home/knights/Documents/Drips Miantainer Project/Web3-Student-Lab/package.json (directory description file): SyntaxError: /home/knights/Documents/Drips Miantainer Project/Web3-Student-Lab/package.json (directory description file): SyntaxError: /home/knights/Documents/Drips Miantainer Project/Web3-Student-Lab/package.json (directory description file): SyntaxError: /home/knights/Documents/Drips Miantainer Project/Web3-Student-Lab/package.json (directory description file): SyntaxError: /home/knights/Documents/Drips Miantainer Project/Web3-Student-Lab/package.json (directory description file): SyntaxError: /home/knights/Documents/Drips Miantainer Project/Web3-Student-Lab/package.json (directory description file): SyntaxError: /home/knights/Documents/Drips Miantainer Project/Web3-Student-Lab/package.json (directory description file): SyntaxError: /home/knights/Documents/Drips Miantainer Project/Web3-Student-Lab/package.json (directory description file): SyntaxError: /home/knights/Documents/Drips Miantainer Project/Web3-Student-Lab/package.json (directory description file): SyntaxError: /home/knights/Documents/Drips Miantainer Project/Web3-Student-Lab/package.json (directory description file): SyntaxError: /home/knights/Documents/Drips Miantainer Project/Web3-Student-Lab/package.json (directory description file): SyntaxError: /home/knights/Documents/Drips Miantainer Project/Web3-Student-Lab/package.json (directory description file): SyntaxError: /home/knights/Documents/Drips Miantainer Project/Web3-Student-Lab/package.json (directory description file): SyntaxError: /home/knights/Documents/Drips Miantainer Project/Web3-Student-Lab/package.json (directory description file): SyntaxError: /home/knights/Documents/Drips Miantainer Project/Web3-Student-Lab/package.json (directory description file): SyntaxError: /home/knights/Documents/Drips Miantainer Project/Web3-Student-Lab/package.json (directory description file): SyntaxError: /home/knights/Documents/Drips Miantainer Project/Web3-Student-Lab/package.json (directory description file): SyntaxError: /home/knights/Documents/Drips Miantainer Project/Web3-Student-Lab/package.json (directory description file): SyntaxError: /home/knights/Documents/Drips Miantainer Project/Web3-Student-Lab/package.json (directory description file): SyntaxError: /home/knights/Documents/Drips Miantainer Project/Web3-Student-Lab/package.json (directory description file): SyntaxError: /home/knights/Documents/Drips Miantainer Project/Web3-Student-Lab/package.json (directory description file): SyntaxError: /home/knights/Documents/Drips Miantainer Project/Web3-Student-Lab/package.json (directory description file): SyntaxError: /home/knights/Documents/Drips Miantainer Project/Web3-Student-Lab/package.json (directory description file): SyntaxError: /home/knights/Documents/Drips Miantainer Project/Web3-Student-Lab/package.json (directory description file): SyntaxError: /home/knights/Documents/Drips Miantainer Project/Web3-Student-Lab/package.json (directory description file): SyntaxError: /home/knights/Documents/Drips Miantainer Project/Web3-Student-Lab/package.json (directory description file): SyntaxError: /home/knights/Documents/Drips Miantainer Project/Web3-Student-Lab/package.json (directory description file): SyntaxError: /home/knights/Documents/Drips Miantainer Project/Web3-Student-Lab/package.json (directory description file): SyntaxError: /home/knights/Documents/Drips Miantainer Project/Web3-Student-Lab/package.json (directory description file): SyntaxError: /home/knights/Documents/Drips Miantainer Project/Web3-Student-Lab/package.json (directory description file): SyntaxError: /home/knights/Documents/Drips Miantainer Project/Web3-Student-Lab/package.json (directory description file): SyntaxError: /home/knights/Documents/Drips Miantainer Project/Web3-Student-Lab/package.json (directory description file): SyntaxError: /home/knights/Documents/Drips Miantainer Project/Web3-Student-Lab/package.json (directory description file): SyntaxError: /home/knights/Documents/Drips Miantainer Project/Web3-Student-Lab/package.json (directory description file): SyntaxError: /home/knights/Documents/Drips Miantainer Project/Web3-Student-Lab/package.json (directory description file): SyntaxError: /home/knights/Documents/Drips Miantainer Project/Web3-Student-Lab/package.json (directory description file): SyntaxError: /home/knights/Documents/Drips Miantainer Project/Web3-Student-Lab/package.json (directory description file): SyntaxError: /home/knights/Documents/Drips Miantainer Project/Web3-Student-Lab/package.json (directory description file): SyntaxError: /home/knights/Documents/Drips Miantainer Project/Web3-Student-Lab/package.json (directory description file): SyntaxError: /home/knights/Documents/Drips Miantainer Project/Web3-Student-Lab/package.json (directory description file): SyntaxError: /home/knights/Documents/Drips Miantainer Project/Web3-Student-Lab/package.json (directory description file): SyntaxError: /home/knights/Documents/Drips Miantainer Project/Web3-Student-Lab/package.json (directory description file): SyntaxError: /home/knights/Documents/Drips Miantainer Project/Web3-Student-Lab/package.json (directory description file): SyntaxError: /home/knights/Documents/Drips Miantainer Project/Web3-Student-Lab/package.json (directory description file): SyntaxError: /home/knights/Documents/Drips Miantainer Project/Web3-Student-Lab/package.json (directory description file): SyntaxError: /home/knights/Documents/Drips Miantainer Project/Web3-Student-Lab/package.json (directory description file): SyntaxError: /home/knights/Documents/Drips Miantainer Project/Web3-Student-Lab/package.json (directory description file): SyntaxError: /home/knights/Documents/Drips Miantainer Project/Web3-Student-Lab/package.json (directory description file): SyntaxError: /home/knights/Documents/Drips Miantainer Project/Web3-Student-Lab/package.json (directory description file): SyntaxError: /home/knights/Documents/Drips Miantainer Project/Web3-Student-Lab/package.json (directory description file): SyntaxError: /home/knights/Documents/Drips Miantainer Project/Web3-Student-Lab/package.json (directory description file): SyntaxError: /home/knights/Documents/Drips Miantainer Project/Web3-Student-Lab/package.json (directory description file): SyntaxError: /home/knights/Documents/Drips Miantainer Project/Web3-Student-Lab/package.json (directory description file): SyntaxError: /home/knights/Documents/Drips Miantainer Project/Web3-Student-Lab/package.json (directory description file): SyntaxError: /home/knights/Documents/Drips Miantainer Project/Web3-Student-Lab/package.json (directory description file): SyntaxError: /home/knights/Documents/Drips Miantainer Project/Web3-Student-Lab/package.json (directory description file): SyntaxError: /home/knights/Documents/Drips Miantainer Project/Web3-Student-Lab/package.json (directory description file): SyntaxError: /home/knights/Documents/Drips Miantainer Project/Web3-Student-Lab/package.json (directory description file): SyntaxError: /home/knights/Documents/Drips Miantainer Project/Web3-Student-Lab/package.json (directory description file): SyntaxError: /home/knights/Documents/Drips Miantainer Project/Web3-Student-Lab/package.json (directory description file): SyntaxError: /home/knights/Documents/Drips Miantainer Project/Web3-Student-Lab/package.json (directory description file): SyntaxError: /home/knights/Documents/Drips Miantainer Project/Web3-Student-Lab/package.json (directory description file): SyntaxError: /home/knights/Documents/Drips Miantainer Project/Web3-Student-Lab/package.json (directory description file): SyntaxError: /home/knights/Documents/Drips Miantainer Project/Web3-Student-Lab/package.json (directory description file): SyntaxError: /home/knights/Documents/Drips Miantainer Project/Web3-Student-Lab/package.json (directory description file): SyntaxError: /home/knights/Documents/Drips Miantainer Project/Web3-Student-Lab/package.json (directory description file): SyntaxError: /home/knights/Documents/Drips Miantainer Project/Web3-Student-Lab/package.json (directory description file): SyntaxError: /home/knights/Documents/Drips Miantainer Project/Web3-Student-Lab/package.json (directory description file): SyntaxError: /home/knights/Documents/Drips Miantainer Project/Web3-Student-Lab/package.json (directory description file): SyntaxError: /home/knights/Documents/Drips Miantainer Project/Web3-Student-Lab/package.json (directory description file): SyntaxError: /home/knights/Documents/Drips Miantainer Project/Web3-Student-Lab/package.json (directory description file): SyntaxError: /home/knights/Documents/Drips Miantainer Project/Web3-Student-Lab/package.json (directory description file): SyntaxError: /home/knights/Documents/Drips Miantainer Project/Web3-Student-Lab/package.json (directory description file): SyntaxError: /home/knights/Documents/Drips Miantainer Project/Web3-Student-Lab/package.json (directory description file): SyntaxError: /home/knights/Documents/Drips Miantainer Project/Web3-Student-Lab/package.json (directory description file): SyntaxError: /home/knights/Documents/Drips Miantainer Project/Web3-Student-Lab/package.json (directory description file): SyntaxError: /home/knights/Documents/Drips Miantainer Project/Web3-Student-Lab/package.json (directory description file): SyntaxError: /home/knights/Documents/Drips Miantainer Project/Web3-Student-Lab/package.json (directory description file): SyntaxError: /home/knights/Documents/Drips Miantainer Project/Web3-Student-Lab/package.json (directory description file): SyntaxError: /home/knights/Documents/Drips Miantainer Project/Web3-Student-Lab/package.json (directory description file): SyntaxError: /home/knights/Documents/Drips Miantainer Project/Web3-Student-Lab/package.json (directory description file): SyntaxError: /home/knights/Documents/Drips Miantainer Project/Web3-Student-Lab/package.json (directory description file): SyntaxError: /home/knights/Documents/Drips Miantainer Project/Web3-Student-Lab/package.json (directory description file): SyntaxError: /home/knights/Documents/Drips Miantainer Project/Web3-Student-Lab/package.json (directory description file): SyntaxError: /home/knights/Documents/Drips Miantainer Project/Web3-Student-Lab/package.json (directory description file): SyntaxError: /home/knights/Documents/Drips Miantainer Project/Web3-Student-Lab/package.json (directory description file): SyntaxError: /home/knights/Documents/Drips Miantainer Project/Web3-Student-Lab/package.json (directory description file): SyntaxError: /home/knights/Documents/Drips Miantainer Project/Web3-Student-Lab/package.json (directory description file): SyntaxError: /home/knights/Documents/Drips Miantainer Project/Web3-Student-Lab/package.json (directory description file): SyntaxError: /home/knights/Documents/Drips Miantainer Project/Web3-Student-Lab/package.json (directory description file): SyntaxError: /home/knights/Documents/Drips Miantainer Project/Web3-Student-Lab/package.json (directory description file): SyntaxError: /home/knights/Documents/Drips Miantainer Project/Web3-Student-Lab/package.json (directory description file): SyntaxError: /home/knights/Documents/Drips Miantainer Project/Web3-Student-Lab/package.json (directory description file): SyntaxError: /home/knights/Documents/Drips Miantainer Project/Web3-Student-Lab/package.json (directory description file): SyntaxError: /home/knights/Documents/Drips Miantainer Project/Web3-Student-Lab/package.json (directory description file): SyntaxError: /home/knights/Documents/Drips Miantainer Project/Web3-Student-Lab/package.json (directory description file): SyntaxError: /home/knights/Documents/Drips Miantainer Project/Web3-Student-Lab/package.json (directory description file): SyntaxError: /home/knights/Documents/Drips Miantainer Project/Web3-Student-Lab/package.json (directory description file): SyntaxError: /home/knights/Documents/Drips Miantainer Project/Web3-Student-Lab/package.json (directory description file): SyntaxError: /home/knights/Documents/Drips Miantainer Project/Web3-Student-Lab/package.json (directory description file): SyntaxError: /home/knights/Documents/Drips Miantainer Project/Web3-Student-Lab/package.json (directory description file): SyntaxError: /home/knights/Documents/Drips Miantainer Project/Web3-Student-Lab/package.json (directory description file): SyntaxError: /home/knights/Documents/Drips Miantainer Project/Web3-Student-Lab/package.json (directory description file): SyntaxError: /home/knights/Documents/Drips Miantainer Project/Web3-Student-Lab/package.json (directory description file): SyntaxError: /home/knights/Documents/Drips Miantainer Project/Web3-Student-Lab/package.json (directory description file): SyntaxError: /home/knights/Documents/Drips Miantainer Project/Web3-Student-Lab/package.json (directory description file): SyntaxError: /home/knights/Documents/Drips Miantainer Project/Web3-Student-Lab/package.json (directory description file): SyntaxError: /home/knights/Documents/Drips Miantainer Project/Web3-Student-Lab/package.json (directory description file): SyntaxError: /home/knights/Documents/Drips Miantainer Project/Web3-Student-Lab/package.json (directory description file): SyntaxError: /home/knights/Documents/Drips Miantainer Project/Web3-Student-Lab/package.json (directory description file): SyntaxError: /home/knights/Documents/Drips Miantainer Project/Web3-Student-Lab/package.json (directory description file): SyntaxError: /home/knights/Documents/Drips Miantainer Project/Web3-Student-Lab/package.json (directory description file): SyntaxError: /home/knights/Documents/Drips Miantainer Project/Web3-Student-Lab/package.json (directory description file): SyntaxError: /home/knights/Documents/Drips Miantainer Project/Web3-Student-Lab/package.json (directory description file): SyntaxError: /home/knights/Documents/Drips Miantainer Project/Web3-Student-Lab/package.json (directory description file): SyntaxError: /home/knights/Documents/Drips Miantainer Project/Web3-Student-Lab/package.json (directory description file): SyntaxError: /home/knights/Documents/Drips Miantainer Project/Web3-Student-Lab/package.json (directory description file): SyntaxError: /home/knights/Documents/Drips Miantainer Project/Web3-Student-Lab/package.json (directory description file): SyntaxError: /home/knights/Documents/Drips Miantainer Project/Web3-Student-Lab/package.json (directory description file): SyntaxError: /home/knights/Documents/Drips Miantainer Project/Web3-Student-Lab/package.json (directory description file): SyntaxError: /home/knights/Documents/Drips Miantainer Project/Web3-Student-Lab/package.json (directory description file): SyntaxError: /home/knights/Documents/Drips Miantainer Project/Web3-Student-Lab/package.json (directory description file): SyntaxError: /home/knights/Documents/Drips Miantainer Project/Web3-Student-Lab/package.json (directory description file): SyntaxError: /home/knights/Documents/Drips Miantainer Project/Web3-Student-Lab/package.json (directory description file): SyntaxError: /home/knights/Documents/Drips Miantainer Project/Web3-Student-Lab/package.json (directory description file): SyntaxError: /home/knights/Documents/Drips Miantainer Project/Web3-Student-Lab/package.json (directory description file): SyntaxError: /home/knights/Documents/Drips Miantainer Project/Web3-Student-Lab/package.json (directory description file): SyntaxError: /home/knights/Documents/Drips Miantainer Project/Web3-Student-Lab/package.json (directory description file): SyntaxError: /home/knights/Documents/Drips Miantainer Project/Web3-Student-Lab/package.json (directory description file): SyntaxError: /home/knights/Documents/Drips Miantainer Project/Web3-Student-Lab/package.json (directory description file): SyntaxError: /home/knights/Documents/Drips Miantainer Project/Web3-Student-Lab/package.json (directory description file): SyntaxError: /home/knights/Documents/Drips Miantainer Project/Web3-Student-Lab/package.json (directory description file): SyntaxError: /home/knights/Documents/Drips Miantainer Project/Web3-Student-Lab/package.json (directory description file): SyntaxError: /home/knights/Documents/Drips Miantainer Project/Web3-Student-Lab/package.json (directory description file): SyntaxError: /home/knights/Documents/Drips Miantainer Project/Web3-Student-Lab/package.json (directory description file): SyntaxError: /home/knights/Documents/Drips Miantainer Project/Web3-Student-Lab/package.json (directory description file): SyntaxError: /home/knights/Documents/Drips Miantainer Project/Web3-Student-Lab/package.json (directory description file): SyntaxError: /home/knights/Documents/Drips Miantainer Project/Web3-Student-Lab/package.json (directory description file): SyntaxError: /home/knights/Documents/Drips Miantainer Project/Web3-Student-Lab/package.json (directory description file): SyntaxError: /home/knights/Documents/Drips Miantainer Project/Web3-Student-Lab/package.json (directory description file): SyntaxError: /home/knights/Documents/Drips Miantainer Project/Web3-Student-Lab/package.json (directory description file): SyntaxError: /home/knights/Documents/Drips Miantainer Project/Web3-Student-Lab/package.json (directory description file): SyntaxError: /home/knights/Documents/Drips Miantainer Project/Web3-Student-Lab/package.json (directory description file): SyntaxError: /home/knights/Documents/Drips Miantainer Project/Web3-Student-Lab/package.json (directory description file): SyntaxError: /home/knights/Documents/Drips Miantainer Project/Web3-Student-Lab/package.json (directory description file): SyntaxError: /home/knights/Documents/Drips Miantainer Project/Web3-Student-Lab/package.json (directory description file): SyntaxError: /home/knights/Documents/Drips Miantainer Project/Web3-Student-Lab/package.json (directory description file): SyntaxError: /home/knights/Documents/Drips Miantainer Project/Web3-Student-Lab/package.json (directory description file): SyntaxError: /home/knights/Documents/Drips Miantainer Project/Web3-Student-Lab/package.json (directory description file): SyntaxError: /home/knights/Documents/Drips Miantainer Project/Web3-Student-Lab/package.json (directory description file): SyntaxError: /home/knights/Documents/Drips Miantainer Project/Web3-Student-Lab/package.json (directory description file): SyntaxError: /home/knights/Documents/Drips Miantainer Project/Web3-Student-Lab/package.json (directory description file): SyntaxError: /home/knights/Documents/Drips Miantainer Project/Web3-Student-Lab/package.json (directory description file): SyntaxError: /home/knights/Documents/Drips Miantainer Project/Web3-Student-Lab/package.json (directory description file): SyntaxError: /home/knights/Documents/Drips Miantainer Project/Web3-Student-Lab/package.json (directory description file): SyntaxError: /home/knights/Documents/Drips Miantainer Project/Web3-Student-Lab/package.json (directory description file): SyntaxError: /home/knights/Documents/Drips Miantainer Project/Web3-Student-Lab/package.json (directory description file): SyntaxError: /home/knights/Documents/Drips Miantainer Project/Web3-Student-Lab/package.json (directory description file): SyntaxError: /home/knights/Documents/Drips Miantainer Project/Web3-Student-Lab/package.json (directory description file): SyntaxError: /home/knights/Documents/Drips Miantainer Project/Web3-Student-Lab/package.json (directory description file): SyntaxError: /home/knights/Documents/Drips Miantainer Project/Web3-Student-Lab/package.json (directory description file): SyntaxError: /home/knights/Documents/Drips Miantainer Project/Web3-Student-Lab/package.json (directory description file): SyntaxError: /home/knights/Documents/Drips Miantainer Project/Web3-Student-Lab/package.json (directory description file): SyntaxError: /home/knights/Documents/Drips Miantainer Project/Web3-Student-Lab/package.json (directory description file): SyntaxError: /home/knights/Documents/Drips Miantainer Project/Web3-Student-Lab/package.json (directory description file): SyntaxError: /home/knights/Documents/Drips Miantainer Project/Web3-Student-Lab/package.json (directory description file): SyntaxError: /home/knights/Documents/Drips Miantainer Project/Web3-Student-Lab/package.json (directory description file): SyntaxError: /home/knights/Documents/Drips Miantainer Project/Web3-Student-Lab/package.json (directory description file): SyntaxError: /home/knights/Documents/Drips Miantainer Project/Web3-Student-Lab/package.json (directory description file): SyntaxError: /home/knights/Documents/Drips Miantainer Project/Web3-Student-Lab/package.json (directory description file): SyntaxError: /home/knights/Documents/Drips Miantainer Project/Web3-Student-Lab/package.json (directory description file): SyntaxError: /home/knights/Documents/Drips Miantainer Project/Web3-Student-Lab/package.json (directory description file): SyntaxError: /home/knights/Documents/Drips Miantainer Project/Web3-Student-Lab/package.json (directory description file): SyntaxError: /home/knights/Documents/Drips Miantainer Project/Web3-Student-Lab/package.json (directory description file): SyntaxError: /home/knights/Documents/Drips Miantainer Project/Web3-Student-Lab/package.json (directory description file): SyntaxError: /home/knights/Documents/Drips Miantainer Project/Web3-Student-Lab/package.json (directory description file): SyntaxError: /home/knights/Documents/Drips Miantainer Project/Web3-Student-Lab/package.json (directory description file): SyntaxError: /home/knights/Documents/Drips Miantainer Project/Web3-Student-Lab/package.json (directory description file): SyntaxError: /home/knights/Documents/Drips Miantainer Project/Web3-Student-Lab/package.json (directory description file): SyntaxError: /home/knights/Documents/Drips Miantainer Project/Web3-Student-Lab/package.json (directory description file): SyntaxError: /home/knights/Documents/Drips Miantainer Project/Web3-Student-Lab/package.json (directory description file): SyntaxError: /home/knights/Documents/Drips Miantainer Project/Web3-Student-Lab/package.json (directory description file): SyntaxError: /home/knights/Documents/Drips Miantainer Project/Web3-Student-Lab/package.json (directory description file): SyntaxError: /home/knights/Documents/Drips Miantainer Project/Web3-Student-Lab/package.json (directory description file): SyntaxError: /home/knights/Documents/Drips Miantainer Project/Web3-Student-Lab/package.json (directory description file): SyntaxError: /home/knights/Documents/Drips Miantainer Project/Web3-Student-Lab/package.json (directory description file): SyntaxError: /home/knights/Documents/Drips Miantainer Project/Web3-Student-Lab/package.json (directory description file): SyntaxError: /home/knights/Documents/Drips Miantainer Project/Web3-Student-Lab/package.json (directory description file): SyntaxError: /home/knights/Documents/Drips Miantainer Project/Web3-Student-Lab/package.json (directory description file): SyntaxError: /home/knights/Documents/Drips Miantainer Project/Web3-Student-Lab/package.json (directory description file): SyntaxError: /home/knights/Documents/Drips Miantainer Project/Web3-Student-Lab/package.json (directory description file): SyntaxError: /home/knights/Documents/Drips Miantainer Project/Web3-Student-Lab/package.json (directory description file): SyntaxError: /home/knights/Documents/Drips Miantainer Project/Web3-Student-Lab/package.json (directory description file): SyntaxError: /home/knights/Documents/Drips Miantainer Project/Web3-Student-Lab/package.json (directory description file): SyntaxError: /home/knights/Documents/Drips Miantainer Project/Web3-Student-Lab/package.json (directory description file): SyntaxError: /home/knights/Documents/Drips Miantainer Project/Web3-Student-Lab/package.json (directory description file): SyntaxError: /home/knights/Documents/Drips Miantainer Project/Web3-Student-Lab/package.json (directory description file): SyntaxError: /home/knights/Documents/Drips Miantainer Project/Web3-Student-Lab/package.json (directory description file): SyntaxError: /home/knights/Documents/Drips Miantainer Project/Web3-Student-Lab/package.json (directory description file): SyntaxError: /home/knights/Documents/Drips Miantainer Project/Web3-Student-Lab/package.json (directory description file): SyntaxError: /home/knights/Documents/Drips Miantainer Project/Web3-Student-Lab/package.json (directory description file): SyntaxError: /home/knights/Documents/Drips Miantainer Project/Web3-Student-Lab/package.json (directory description file): SyntaxError: /home/knights/Documents/Drips Miantainer Project/Web3-Student-Lab/package.json (directory description file): SyntaxError: /home/knights/Documents/Drips Miantainer Project/Web3-Student-Lab/package.json (directory description file): SyntaxError: /home/knights/Documents/Drips Miantainer Project/Web3-Student-Lab/package.json (directory description file): SyntaxError: /home/knights/Documents/Drips Miantainer Project/Web3-Student-Lab/package.json (directory description file): SyntaxError: /home/knights/Documents/Drips Miantainer Project/Web3-Student-Lab/package.json (directory description file): SyntaxError: /home/knights/Documents/Drips Miantainer Project/Web3-Student-Lab/package.json (directory description file): SyntaxError: /home/knights/Documents/Drips Miantainer Project/Web3-Student-Lab/package.json (directory description file): SyntaxError: /home/knights/Documents/Drips Miantainer Project/Web3-Student-Lab/package.json (directory description file): SyntaxError: /home/knights/Documents/Drips Miantainer Project/Web3-Student-Lab/package.json (directory description file): SyntaxError: /home/knights/Documents/Drips Miantainer Project/Web3-Student-Lab/package.json (directory description file): SyntaxError: /home/knights/Documents/Drips Miantainer Project/Web3-Student-Lab/package.json (directory description file): SyntaxError: /home/knights/Documents/Drips Miantainer Project/Web3-Student-Lab/package.json (directory description file): SyntaxError: /home/knights/Documents/Drips Miantainer Project/Web3-Student-Lab/package.json (directory description file): SyntaxError: /home/knights/Documents/Drips Miantainer Project/Web3-Student-Lab/package.json (directory description file): SyntaxError: /home/knights/Documents/Drips Miantainer Project/Web3-Student-Lab/package.json (directory description file): SyntaxError: /home/knights/Documents/Drips Miantainer Project/Web3-Student-Lab/package.json (directory description file): SyntaxError: /home/knights/Documents/Drips Miantainer Project/Web3-Student-Lab/package.json (directory description file): SyntaxError: /home/knights/Documents/Drips Miantainer Project/Web3-Student-Lab/package.json (directory description file): SyntaxError: /home/knights/Documents/Drips Miantainer Project/Web3-Student-Lab/package.json (directory description file): SyntaxError: /home/knights/Documents/Drips Miantainer Project/Web3-Student-Lab/package.json (directory description file): SyntaxError: /home/knights/Documents/Drips Miantainer Project/Web3-Student-Lab/package.json (directory description file): SyntaxError: /home/knights/Documents/Drips Miantainer Project/Web3-Student-Lab/package.json (directory description file): SyntaxError: /home/knights/Documents/Drips Miantainer Project/Web3-Student-Lab/package.json (directory description file): SyntaxError: /home/knights/Documents/Drips Miantainer Project/Web3-Student-Lab/package.json (directory description file): SyntaxError: /home/knights/Documents/Drips Miantainer Project/Web3-Student-Lab/package.json (directory description file): SyntaxError: /home/knights/Documents/Drips Miantainer Project/Web3-Student-Lab/package.json (directory description file): SyntaxError: /home/knights/Documents/Drips Miantainer Project/Web3-Student-Lab/package.json (directory description file): SyntaxError: /home/knights/Documents/Drips Miantainer Project/Web3-Student-Lab/package.json (directory description file): SyntaxError: /home/knights/Documents/Drips Miantainer Project/Web3-Student-Lab/package.json (directory description file): SyntaxError: /home/knights/Documents/Drips Miantainer Project/Web3-Student-Lab/package.json (directory description file): SyntaxError: /home/knights/Documents/Drips Miantainer Project/Web3-Student-Lab/package.json (directory description file): SyntaxError: /home/knights/Documents/Drips Miantainer Project/Web3-Student-Lab/package.json (directory description file): SyntaxError: /home/knights/Documents/Drips Miantainer Project/Web3-Student-Lab/package.json (directory description file): SyntaxError: /home/knights/Documents/Drips Miantainer Project/Web3-Student-Lab/package.json (directory description file): SyntaxError: /home/knights/Documents/Drips Miantainer Project/Web3-Student-Lab/package.json (directory description file): SyntaxError: /home/knights/Documents/Drips Miantainer Project/Web3-Student-Lab/package.json (directory description file): SyntaxError: /home/knights/Documents/Drips Miantainer Project/Web3-Student-Lab/package.json (directory description file): SyntaxError: /home/knights/Documents/Drips Miantainer Project/Web3-Student-Lab/package.json (directory description file): SyntaxError: /home/knights/Documents/Drips Miantainer Project/Web3-Student-Lab/package.json (directory description file): SyntaxError: /home/knights/Documents/Drips Miantainer Project/Web3-Student-Lab/package.json (directory description file): SyntaxError: /home/knights/Documents/Drips Miantainer Project/Web3-Student-Lab/package.json (directory description file): SyntaxError: /home/knights/Documents/Drips Miantainer Project/Web3-Student-Lab/package.json (directory description file): SyntaxError: /home/knights/Documents/Drips Miantainer Project/Web3-Student-Lab/package.json (directory description file): SyntaxError: Unexpected token ' ', "          "... is not valid JSON

https://nextjs.org/docs/messages/module-not-found

Import trace for requested module:
./node_modules/recharts/es6/cartesian/Bar.js
__barrel_optimize__?names=Bar,BarChart,CartesianGrid,Cell,Legend,Pie,PieChart,ResponsiveContainer,Tooltip,XAxis,YAxis!=!./node_modules/recharts/es6/index.js
./src/components/performance-metrics/PerformanceMetricsDashboard.tsx
./src/app/performance-metrics/page.tsx

./src/lib/editor/SorobanCompletion.ts
Module not found: /home/knights/Documents/Drips Miantainer Project/Web3-Student-Lab/package.json (directory description file): Syntax/home/knights/Documents/Drips Miantainer Project/Web3-Student-Lab/package.json (directory description file): SyntaxError: /home/knights/Documents/Drips Miantainer Project/Web3-Student-Lab/package.json (directory description file): SyntaxError: /home/knights/Documents/Drips Miantainer Project/Web3-Student-Lab/package.json (directory description file): SyntaxError: /home/knights/Documents/Drips Miantainer Project/Web3-Student-Lab/package.json (directory description file): SyntaxError: /home/knights/Documents/Drips Miantainer Project/Web3-Student-Lab/package.json (directory description file): SyntaxError: /home/knights/Documents/Drips Miantainer Project/Web3-Student-Lab/package.json (directory description file): SyntaxError: /home/knights/Documents/Drips Miantainer Project/Web3-Student-Lab/package.json (directory description file): SyntaxError: /home/knights/Documents/Drips Miantainer Project/Web3-Student-Lab/package.json (directory description file): SyntaxError: /home/knights/Documents/Drips Miantainer Project/Web3-Student-Lab/package.json (directory description file): SyntaxError: /home/knights/Documents/Drips Miantainer Project/Web3-Student-Lab/package.json (directory description file): SyntaxError: /home/knights/Documents/Drips Miantainer Project/Web3-Student-Lab/package.json (directory description file): SyntaxError: /home/knights/Documents/Drips Miantainer Project/Web3-Student-Lab/package.json (directory description file): SyntaxError: /home/knights/Documents/Drips Miantainer Project/Web3-Student-Lab/package.json (directory description file): SyntaxError: /home/knights/Documents/Drips Miantainer Project/Web3-Student-Lab/package.json (directory description file): SyntaxError: /home/knights/Documents/Drips Miantainer Project/Web3-Student-Lab/package.json (directory description file): SyntaxError: /home/knights/Documents/Drips Miantainer Project/Web3-Student-Lab/package.json (directory description file): SyntaxError: /home/knights/Documents/Drips Miantainer Project/Web3-Student-Lab/package.json (directory description file): SyntaxError: /home/knights/Documents/Drips Miantainer Project/Web3-Student-Lab/package.json (directory description file): SyntaxError: /home/knights/Documents/Drips Miantainer Project/Web3-Student-Lab/package.json (directory description file): SyntaxError: /home/knights/Documents/Drips Miantainer Project/Web3-Student-Lab/package.json (directory description file): SyntaxError: /home/knights/Documents/Drips Miantainer Project/Web3-Student-Lab/package.json (directory description file): SyntaxError: /home/knights/Documents/Drips Miantainer Project/Web3-Student-Lab/package.json (directory description file): SyntaxError: /home/knights/Documents/Drips Miantainer Project/Web3-Student-Lab/package.json (directory description file): SyntaxError: /home/knights/Documents/Drips Miantainer Project/Web3-Student-Lab/package.json (directory description file): SyntaxError: /home/knights/Documents/Drips Miantainer Project/Web3-Student-Lab/package.json (directory description file): SyntaxError: /home/knights/Documents/Drips Miantainer Project/Web3-Student-Lab/package.json (directory description file): SyntaxError: /home/knights/Documents/Drips Miantainer Project/Web3-Student-Lab/package.json (directory description file): SyntaxError: /home/knights/Documents/Drips Miantainer Project/Web3-Student-Lab/package.json (directory description file): SyntaxError: /home/knights/Documents/Drips Miantainer Project/Web3-Student-Lab/package.json (directory description file): SyntaxError: /home/knights/Documents/Drips Miantainer Project/Web3-Student-Lab/package.json (directory description file): SyntaxError: /home/knights/Documents/Drips Miantainer Project/Web3-Student-Lab/package.json (directory description file): SyntaxError: /home/knights/Documents/Drips Miantainer Project/Web3-Student-Lab/package.json (directory description file): SyntaxError: /home/knights/Documents/Drips Miantainer Project/Web3-Student-Lab/package.json (directory description file): SyntaxError: /home/knights/Documents/Drips Miantainer Project/Web3-Student-Lab/package.json (directory description file): SyntaxError: /home/knights/Documents/Drips Miantainer Project/Web3-Student-Lab/package.json (directory description file): SyntaxError: /home/knights/Documents/Drips Miantainer Project/Web3-Student-Lab/package.json (directory description file): SyntaxError: /home/knights/Documents/Drips Miantainer Project/Web3-Student-Lab/package.json (directory description file): SyntaxError: /home/knights/Documents/Drips Miantainer Project/Web3-Student-Lab/package.json (directory description file): SyntaxError: /home/knights/Documents/Drips Miantainer Project/Web3-Student-Lab/package.json (directory description file): SyntaxError: /home/knights/Documents/Drips Miantainer Project/Web3-Student-Lab/package.json (directory description file): SyntaxError: /home/knights/Documents/Drips Miantainer Project/Web3-Student-Lab/package.json (directory description file): SyntaxError: /home/knights/Documents/Drips Miantainer Project/Web3-Student-Lab/package.json (directory description file): SyntaxError: /home/knights/Documents/Drips Miantainer Project/Web3-Student-Lab/package.json (directory description file): SyntaxError: /home/knights/Documents/Drips Miantainer Project/Web3-Student-Lab/package.json (directory description file): SyntaxError: /home/knights/Documents/Drips Miantainer Project/Web3-Student-Lab/package.json (directory description file): SyntaxError: /home/knights/Documents/Drips Miantainer Project/Web3-Student-Lab/package.json (directory description file): SyntaxError: /home/knights/Documents/Drips Miantainer Project/Web3-Student-Lab/package.json (directory description file): SyntaxError: /home/knights/Documents/Drips Miantainer Project/Web3-Student-Lab/package.json (directory description file): SyntaxError: /home/knights/Documents/Drips Miantainer Project/Web3-Student-Lab/package.json (directory description file): SyntaxError: /home/knights/Documents/Drips Miantainer Project/Web3-Student-Lab/package.json (directory description file): SyntaxError: /home/knights/Documents/Drips Miantainer Project/Web3-Student-Lab/package.json (directory description file): SyntaxError: /home/knights/Documents/Drips Miantainer Project/Web3-Student-Lab/package.json (directory description file): SyntaxError: /home/knights/Documents/Drips Miantainer Project/Web3-Student-Lab/package.json (directory description file): SyntaxError: /home/knights/Documents/Drips Miantainer Project/Web3-Student-Lab/package.json (directory description file): SyntaxError: /home/knights/Documents/Drips Miantainer Project/Web3-Student-Lab/package.json (directory description file): SyntaxError: /home/knights/Documents/Drips Miantainer Project/Web3-Student-Lab/package.json (directory description file): SyntaxError: /home/knights/Documents/Drips Miantainer Project/Web3-Student-Lab/package.json (directory description file): SyntaxError: /home/knights/Documents/Drips Miantainer Project/Web3-Student-Lab/package.json (directory description file): SyntaxError: /home/knights/Documents/Drips Miantainer Project/Web3-Student-Lab/package.json (directory description file): SyntaxError: /home/knights/Documents/Drips Miantainer Project/Web3-Student-Lab/package.json (directory description file): SyntaxError: /home/knights/Documents/Drips Miantainer Project/Web3-Student-Lab/package.json (directory description file): SyntaxError: /home/knights/Documents/Drips Miantainer Project/Web3-Student-Lab/package.json (directory description file): SyntaxError: /home/knights/Documents/Drips Miantainer Project/Web3-Student-Lab/package.json (directory description file): SyntaxError: /home/knights/Documents/Drips Miantainer Project/Web3-Student-Lab/package.json (directory description file): SyntaxError: /home/knights/Documents/Drips Miantainer Project/Web3-Student-Lab/package.json (directory description file): SyntaxError: /home/knights/Documents/Drips Miantainer Project/Web3-Student-Lab/package.json (directory description file): SyntaxError: /home/knights/Documents/Drips Miantainer Project/Web3-Student-Lab/package.json (directory description file): SyntaxError: /home/knights/Documents/Drips Miantainer Project/Web3-Student-Lab/package.json (directory description file): SyntaxError: /home/knights/Documents/Drips Miantainer Project/Web3-Student-Lab/package.json (directory description file): SyntaxError: /home/knights/Documents/Drips Miantainer Project/Web3-Student-Lab/package.json (directory description file): SyntaxError: /home/knights/Documents/Drips Miantainer Project/Web3-Student-Lab/package.json (directory description file): SyntaxError: /home/knights/Documents/Drips Miantainer Project/Web3-Student-Lab/package.json (directory description file): SyntaxError: /home/knights/Documents/Drips Miantainer Project/Web3-Student-Lab/package.json (directory description file): SyntaxError: /home/knights/Documents/Drips Miantainer Project/Web3-Student-Lab/package.json (directory description file): SyntaxError: /home/knights/Documents/Drips Miantainer Project/Web3-Student-Lab/package.json (directory description file): SyntaxError: /home/knights/Documents/Drips Miantainer Project/Web3-Student-Lab/package.json (directory description file): SyntaxError: /home/knights/Documents/Drips Miantainer Project/Web3-Student-Lab/package.json (directory description file): SyntaxError: /home/knights/Documents/Drips Miantainer Project/Web3-Student-Lab/package.json (directory description file): SyntaxError: /home/knights/Documents/Drips Miantainer Project/Web3-Student-Lab/package.json (directory description file): SyntaxError: /home/knights/Documents/Drips Miantainer Project/Web3-Student-Lab/package.json (directory description file): SyntaxError: /home/knights/Documents/Drips Miantainer Project/Web3-Student-Lab/package.json (directory description file): SyntaxError: /home/knights/Documents/Drips Miantainer Project/Web3-Student-Lab/package.json (directory description file): SyntaxError: /home/knights/Documents/Drips Miantainer Project/Web3-Student-Lab/package.json (directory description file): SyntaxError: /home/knights/Documents/Drips Miantainer Project/Web3-Student-Lab/package.json (directory description file): SyntaxError: /home/knights/Documents/Drips Miantainer Project/Web3-Student-Lab/package.json (directory description file): SyntaxError: /home/knights/Documents/Drips Miantainer Project/Web3-Student-Lab/package.json (directory description file): SyntaxError: /home/knights/Documents/Drips Miantainer Project/Web3-Student-Lab/package.json (directory description file): SyntaxError: /home/knights/Documents/Drips Miantainer Project/Web3-Student-Lab/package.json (directory description file): SyntaxError: /home/knights/Documents/Drips Miantainer Project/Web3-Student-Lab/package.json (directory description file): SyntaxError: /home/knights/Documents/Drips Miantainer Project/Web3-Student-Lab/package.json (directory description file): SyntaxError: /home/knights/Documents/Drips Miantainer Project/Web3-Student-Lab/package.json (directory description file): SyntaxError: /home/knights/Documents/Drips Miantainer Project/Web3-Student-Lab/package.json (directory description file): SyntaxError: /home/knights/Documents/Drips Miantainer Project/Web3-Student-Lab/package.json (directory description file): SyntaxError: /home/knights/Documents/Drips Miantainer Project/Web3-Student-Lab/package.json (directory description file): SyntaxError: /home/knights/Documents/Drips Miantainer Project/Web3-Student-Lab/package.json (directory description file): SyntaxError: /home/knights/Documents/Drips Miantainer Project/Web3-Student-Lab/package.json (directory description file): SyntaxError: /home/knights/Documents/Drips Miantainer Project/Web3-Student-Lab/package.json (directory description file): SyntaxError: /home/knights/Documents/Drips Miantainer Project/Web3-Student-Lab/package.json (directory description file): SyntaxError: /home/knights/Documents/Drips Miantainer Project/Web3-Student-Lab/package.json (directory description file): SyntaxError: /home/knights/Documents/Drips Miantainer Project/Web3-Student-Lab/package.json (directory description file): SyntaxError: /home/knights/Documents/Drips Miantainer Project/Web3-Student-Lab/package.json (directory description file): SyntaxError: /home/knights/Documents/Drips Miantainer Project/Web3-Student-Lab/package.json (directory description file): SyntaxError: /home/knights/Documents/Drips Miantainer Project/Web3-Student-Lab/package.json (directory description file): SyntaxError: /home/knights/Documents/Drips Miantainer Project/Web3-Student-Lab/package.json (directory description file): SyntaxError: /home/knights/Documents/Drips Miantainer Project/Web3-Student-Lab/package.json (directory description file): SyntaxError: /home/knights/Documents/Drips Miantainer Project/Web3-Student-Lab/package.json (directory description file): SyntaxError: /home/knights/Documents/Drips Miantainer Project/Web3-Student-Lab/package.json (directory description file): SyntaxError: /home/knights/Documents/Drips Miantainer Project/Web3-Student-Lab/package.json (directory description file): SyntaxError: /home/knights/Documents/Drips Miantainer Project/Web3-Student-Lab/package.json (directory description file): SyntaxError: /home/knights/Documents/Drips Miantainer Project/Web3-Student-Lab/package.json (directory description file): SyntaxError: /home/knights/Documents/Drips Miantainer Project/Web3-Student-Lab/package.json (directory description file): SyntaxError: /home/knights/Documents/Drips Miantainer Project/Web3-Student-Lab/package.json (directory description file): SyntaxError: /home/knights/Documents/Drips Miantainer Project/Web3-Student-Lab/package.json (directory description file): SyntaxError: /home/knights/Documents/Drips Miantainer Project/Web3-Student-Lab/package.json (directory description file): SyntaxError: /home/knights/Documents/Drips Miantainer Project/Web3-Student-Lab/package.json (directory description file): SyntaxError: /home/knights/Documents/Drips Miantainer Project/Web3-Student-Lab/package.json (directory description file): SyntaxError: /home/knights/Documents/Drips Miantainer Project/Web3-Student-Lab/package.json (directory description file): SyntaxError: /home/knights/Documents/Drips Miantainer Project/Web3-Student-Lab/package.json (directory description file): SyntaxError: /home/knights/Documents/Drips Miantainer Project/Web3-Student-Lab/package.json (directory description file): SyntaxError: /home/knights/Documents/Drips Miantainer Project/Web3-Student-Lab/package.json (directory description file): SyntaxError: /home/knights/Documents/Drips Miantainer Project/Web3-Student-Lab/package.json (directory description file): SyntaxError: /home/knights/Documents/Drips Miantainer Project/Web3-Student-Lab/package.json (directory description file): SyntaxError: /home/knights/Documents/Drips Miantainer Project/Web3-Student-Lab/package.json (directory description file): SyntaxError: /home/knights/Documents/Drips Miantainer Project/Web3-Student-Lab/package.json (directory description file): SyntaxError: /home/knights/Documents/Drips Miantainer Project/Web3-Student-Lab/package.json (directory description file): SyntaxError: /home/knights/Documents/Drips Miantainer Project/Web3-Student-Lab/package.json (directory description file): SyntaxError: /home/knights/Documents/Drips Miantainer Project/Web3-Student-Lab/package.json (directory description file): SyntaxError: /home/knights/Documents/Drips Miantainer Project/Web3-Student-Lab/package.json (directory description file): SyntaxError: /home/knights/Documents/Drips Miantainer Project/Web3-Student-Lab/package.json (directory description file): SyntaxError: /home/knights/Documents/Drips Miantainer Project/Web3-Student-Lab/package.json (directory description file): SyntaxError: /home/knights/Documents/Drips Miantainer Project/Web3-Student-Lab/package.json (directory description file): SyntaxError: /home/knights/Documents/Drips Miantainer Project/Web3-Student-Lab/package.json (directory description file): SyntaxError: /home/knights/Documents/Drips Miantainer Project/Web3-Student-Lab/package.json (directory description file): SyntaxError: /home/knights/Documents/Drips Miantainer Project/Web3-Student-Lab/package.json (directory description file): SyntaxError: /home/knights/Documents/Drips Miantainer Project/Web3-Student-Lab/package.json (directory description file): SyntaxError: /home/knights/Documents/Drips Miantainer Project/Web3-Student-Lab/package.json (directory description file): SyntaxError: /home/knights/Documents/Drips Miantainer Project/Web3-Student-Lab/package.json (directory description file): SyntaxError: /home/knights/Documents/Drips Miantainer Project/Web3-Student-Lab/package.json (directory description file): SyntaxError: /home/knights/Documents/Drips Miantainer Project/Web3-Student-Lab/package.json (directory description file): SyntaxError: /home/knights/Documents/Drips Miantainer Project/Web3-Student-Lab/package.json (directory description file): SyntaxError: /home/knights/Documents/Drips Miantainer Project/Web3-Student-Lab/package.json (directory description file): SyntaxError: /home/knights/Documents/Drips Miantainer Project/Web3-Student-Lab/package.json (directory description file): SyntaxError: /home/knights/Documents/Drips Miantainer Project/Web3-Student-Lab/package.json (directory description file): SyntaxError: /home/knights/Documents/Drips Miantainer Project/Web3-Student-Lab/package.json (directory description file): SyntaxError: /home/knights/Documents/Drips Miantainer Project/Web3-Student-Lab/package.json (directory description file): SyntaxError: /home/knights/Documents/Drips Miantainer Project/Web3-Student-Lab/package.json (directory description file): SyntaxError: /home/knights/Documents/Drips Miantainer Project/Web3-Student-Lab/package.json (directory description file): SyntaxError: /home/knights/Documents/Drips Miantainer Project/Web3-Student-Lab/package.json (directory description file): SyntaxError: /home/knights/Documents/Drips Miantainer Project/Web3-Student-Lab/package.json (directory description file): SyntaxError: /home/knights/Documents/Drips Miantainer Project/Web3-Student-Lab/package.json (directory description file): SyntaxError: /home/knights/Documents/Drips Miantainer Project/Web3-Student-Lab/package.json (directory description file): SyntaxError: /home/knights/Documents/Drips Miantainer Project/Web3-Student-Lab/package.json (directory description file): SyntaxError: /home/knights/Documents/Drips Miantainer Project/Web3-Student-Lab/package.json (directory description file): SyntaxError: /home/knights/Documents/Drips Miantainer Project/Web3-Student-Lab/package.json (directory description file): SyntaxError: /home/knights/Documents/Drips Miantainer Project/Web3-Student-Lab/package.json (directory description file): SyntaxError: /home/knights/Documents/Drips Miantainer Project/Web3-Student-Lab/package.json (directory description file): SyntaxError: /home/knights/Documents/Drips Miantainer Project/Web3-Student-Lab/package.json (directory description file): SyntaxError: /home/knights/Documents/Drips Miantainer Project/Web3-Student-Lab/package.json (directory description file): SyntaxError: /home/knights/Documents/Drips Miantainer Project/Web3-Student-Lab/package.json (directory description file): SyntaxError: /home/knights/Documents/Drips Miantainer Project/Web3-Student-Lab/package.json (directory description file): SyntaxError: /home/knights/Documents/Drips Miantainer Project/Web3-Student-Lab/package.json (directory description file): SyntaxError: /home/knights/Documents/Drips Miantainer Project/Web3-Student-Lab/package.json (directory description file): SyntaxError: /home/knights/Documents/Drips Miantainer Project/Web3-Student-Lab/package.json (directory description file): SyntaxError: /home/knights/Documents/Drips Miantainer Project/Web3-Student-Lab/package.json (directory description file): SyntaxError: /home/knights/Documents/Drips Miantainer Project/Web3-Student-Lab/package.json (directory description file): SyntaxError: /home/knights/Documents/Drips Miantainer Project/Web3-Student-Lab/package.json (directory description file): SyntaxError: /home/knights/Documents/Drips Miantainer Project/Web3-Student-Lab/package.json (directory description file): SyntaxError: /home/knights/Documents/Drips Miantainer Project/Web3-Student-Lab/package.json (directory description file): SyntaxError: /home/knights/Documents/Drips Miantainer Project/Web3-Student-Lab/package.json (directory description file): SyntaxError: /home/knights/Documents/Drips Miantainer Project/Web3-Student-Lab/package.json (directory description file): SyntaxError: /home/knights/Documents/Drips Miantainer Project/Web3-Student-Lab/package.json (directory description file): SyntaxError: /home/knights/Documents/Drips Miantainer Project/Web3-Student-Lab/package.json (directory description file): SyntaxError: /home/knights/Documents/Drips Miantainer Project/Web3-Student-Lab/package.json (directory description file): SyntaxError: /home/knights/Documents/Drips Miantainer Project/Web3-Student-Lab/package.json (directory description file): SyntaxError: /home/knights/Documents/Drips Miantainer Project/Web3-Student-Lab/package.json (directory description file): SyntaxError: /home/knights/Documents/Drips Miantainer Project/Web3-Student-Lab/package.json (directory description file): SyntaxError: /home/knights/Documents/Drips Miantainer Project/Web3-Student-Lab/package.json (directory description file): SyntaxError: /home/knights/Documents/Drips Miantainer Project/Web3-Student-Lab/package.json (directory description file): SyntaxError: /home/knights/Documents/Drips Miantainer Project/Web3-Student-Lab/package.json (directory description file): SyntaxError: /home/knights/Documents/Drips Miantainer Project/Web3-Student-Lab/package.json (directory description file): SyntaxError: /home/knights/Documents/Drips Miantainer Project/Web3-Student-Lab/package.json (directory description file): SyntaxError: /home/knights/Documents/Drips Miantainer Project/Web3-Student-Lab/package.json (directory description file): SyntaxError: /home/knights/Documents/Drips Miantainer Project/Web3-Student-Lab/package.json (directory description file): SyntaxError: /home/knights/Documents/Drips Miantainer Project/Web3-Student-Lab/package.json (directory description file): SyntaxError: /home/knights/Documents/Drips Miantainer Project/Web3-Student-Lab/package.json (directory description file): SyntaxError: /home/knights/Documents/Drips Miantainer Project/Web3-Student-Lab/package.json (directory description file): SyntaxError: /home/knights/Documents/Drips Miantainer Project/Web3-Student-Lab/package.json (directory description file): SyntaxError: /home/knights/Documents/Drips Miantainer Project/Web3-Student-Lab/package.json (directory description file): SyntaxError: /home/knights/Documents/Drips Miantainer Project/Web3-Student-Lab/package.json (directory description file): SyntaxError: /home/knights/Documents/Drips Miantainer Project/Web3-Student-Lab/package.json (directory description file): SyntaxError: /home/knights/Documents/Drips Miantainer Project/Web3-Student-Lab/package.json (directory description file): SyntaxError: /home/knights/Documents/Drips Miantainer Project/Web3-Student-Lab/package.json (directory description file): SyntaxError: /home/knights/Documents/Drips Miantainer Project/Web3-Student-Lab/package.json (directory description file): SyntaxError: /home/knights/Documents/Drips Miantainer Project/Web3-Student-Lab/package.json (directory description file): SyntaxError: /home/knights/Documents/Drips Miantainer Project/Web3-Student-Lab/package.json (directory description file): SyntaxError: /home/knights/Documents/Drips Miantainer Project/Web3-Student-Lab/package.json (directory description file): SyntaxError: /home/knights/Documents/Drips Miantainer Project/Web3-Student-Lab/package.json (directory description file): SyntaxError: /home/knights/Documents/Drips Miantainer Project/Web3-Student-Lab/package.json (directory description file): SyntaxError: /home/knights/Documents/Drips Miantainer Project/Web3-Student-Lab/package.json (directory description file): SyntaxError: /home/knights/Documents/Drips Miantainer Project/Web3-Student-Lab/package.json (directory description file): SyntaxError: /home/knights/Documents/Drips Miantainer Project/Web3-Student-Lab/package.json (directory description file): SyntaxError: /home/knights/Documents/Drips Miantainer Project/Web3-Student-Lab/package.json (directory description file): SyntaxError: /home/knights/Documents/Drips Miantainer Project/Web3-Student-Lab/package.json (directory description file): SyntaxError: /home/knights/Documents/Drips Miantainer Project/Web3-Student-Lab/package.json (directory description file): SyntaxError: /home/knights/Documents/Drips Miantainer Project/Web3-Student-Lab/package.json (directory description file): SyntaxError: /home/knights/Documents/Drips Miantainer Project/Web3-Student-Lab/package.json (directory description file): SyntaxError: /home/knights/Documents/Drips Miantainer Project/Web3-Student-Lab/package.json (directory description file): SyntaxError: /home/knights/Documents/Drips Miantainer Project/Web3-Student-Lab/package.json (directory description file): SyntaxError: /home/knights/Documents/Drips Miantainer Project/Web3-Student-Lab/package.json (directory description file): SyntaxError: /home/knights/Documents/Drips Miantainer Project/Web3-Student-Lab/package.json (directory description file): SyntaxError: /home/knights/Documents/Drips Miantainer Project/Web3-Student-Lab/package.json (directory description file): SyntaxError: /home/knights/Documents/Drips Miantainer Project/Web3-Student-Lab/package.json (directory description file): SyntaxError: /home/knights/Documents/Drips Miantainer Project/Web3-Student-Lab/package.json (directory description file): SyntaxError: /home/knights/Documents/Drips Miantainer Project/Web3-Student-Lab/package.json (directory description file): SyntaxError: /home/knights/Documents/Drips Miantainer Project/Web3-Student-Lab/package.json (directory description file): SyntaxError: /home/knights/Documents/Drips Miantainer Project/Web3-Student-Lab/package.json (directory description file): SyntaxError: /home/knights/Documents/Drips Miantainer Project/Web3-Student-Lab/package.json (directory description file): SyntaxError: /home/knights/Documents/Drips Miantainer Project/Web3-Student-Lab/package.json (directory description file): SyntaxError: /home/knights/Documents/Drips Miantainer Project/Web3-Student-Lab/package.json (directory description file): SyntaxError: /home/knights/Documents/Drips Miantainer Project/Web3-Student-Lab/package.json (directory description file): SyntaxError: /home/knights/Documents/Drips Miantainer Project/Web3-Student-Lab/package.json (directory description file): SyntaxError: /home/knights/Documents/Drips Miantainer Project/Web3-Student-Lab/package.json (directory description file): SyntaxError: /home/knights/Documents/Drips Miantainer Project/Web3-Student-Lab/package.json (directory description file): SyntaxError: /home/knights/Documents/Drips Miantainer Project/Web3-Student-Lab/package.json (directory description file): SyntaxError: /home/knights/Documents/Drips Miantainer Project/Web3-Student-Lab/package.json (directory description file): SyntaxError: /home/knights/Documents/Drips Miantainer Project/Web3-Student-Lab/package.json (directory description file): SyntaxError: /home/knights/Documents/Drips Miantainer Project/Web3-Student-Lab/package.json (directory description file): SyntaxError: /home/knights/Documents/Drips Miantainer Project/Web3-Student-Lab/package.json (directory description file): SyntaxError: /home/knights/Documents/Drips Miantainer Project/Web3-Student-Lab/package.json (directory description file): SyntaxError: /home/knights/Documents/Drips Miantainer Project/Web3-Student-Lab/package.json (directory description file): SyntaxError: /home/knights/Documents/Drips Miantainer Project/Web3-Student-Lab/package.json (directory description file): SyntaxError: /home/knights/Documents/Drips Miantainer Project/Web3-Student-Lab/package.json (directory description file): SyntaxError: /home/knights/Documents/Drips Miantainer Project/Web3-Student-Lab/package.json (directory description file): SyntaxError: /home/knights/Documents/Drips Miantainer Project/Web3-Student-Lab/package.json (directory description file): SyntaxError: /home/knights/Documents/Drips Miantainer Project/Web3-Student-Lab/package.json (directory description file): SyntaxError: /home/knights/Documents/Drips Miantainer Project/Web3-Student-Lab/package.json (directory description file): SyntaxError: /home/knights/Documents/Drips Miantainer Project/Web3-Student-Lab/package.json (directory description file): SyntaxError: /home/knights/Documents/Drips Miantainer Project/Web3-Student-Lab/package.json (directory description file): SyntaxError: /home/knights/Documents/Drips Miantainer Project/Web3-Student-Lab/package.json (directory description file): SyntaxError: /home/knights/Documents/Drips Miantainer Project/Web3-Student-Lab/package.json (directory description file): SyntaxError: /home/knights/Documents/Drips Miantainer Project/Web3-Student-Lab/package.json (directory description file): SyntaxError: /home/knights/Documents/Drips Miantainer Project/Web3-Student-Lab/package.json (directory description file): SyntaxError: /home/knights/Documents/Drips Miantainer Project/Web3-Student-Lab/package.json (directory description file): SyntaxError: /home/knights/Documents/Drips Miantainer Project/Web3-Student-Lab/package.json (directory description file): SyntaxError: /home/knights/Documents/Drips Miantainer Project/Web3-Student-Lab/package.json (directory description file): SyntaxError: /home/knights/Documents/Drips Miantainer Project/Web3-Student-Lab/package.json (directory description file): SyntaxError: /home/knights/Documents/Drips Miantainer Project/Web3-Student-Lab/package.json (directory description file): SyntaxError: /home/knights/Documents/Drips Miantainer Project/Web3-Student-Lab/package.json (directory description file): SyntaxError: /home/knights/Documents/Drips Miantainer Project/Web3-Student-Lab/package.json (directory description file): SyntaxError: /home/knights/Documents/Drips Miantainer Project/Web3-Student-Lab/package.json (directory description file): SyntaxError: /home/knights/Documents/Drips Miantainer Project/Web3-Student-Lab/package.json (directory description file): SyntaxError: /home/knights/Documents/Drips Miantainer Project/Web3-Student-Lab/package.json (directory description file): SyntaxError: /home/knights/Documents/Drips Miantainer Project/Web3-Student-Lab/package.json (directory description file): SyntaxError: /home/knights/Documents/Drips Miantainer Project/Web3-Student-Lab/package.json (directory description file): SyntaxError: /home/knights/Documents/Drips Miantainer Project/Web3-Student-Lab/package.json (directory description file): SyntaxError: /home/knights/Documents/Drips Miantainer Project/Web3-Student-Lab/package.json (directory description file): SyntaxError: /home/knights/Documents/Drips Miantainer Project/Web3-Student-Lab/package.json (directory description file): SyntaxError: /home/knights/Documents/Drips Miantainer Project/Web3-Student-Lab/package.json (directory description file): SyntaxError: /home/knights/Documents/Drips Miantainer Project/Web3-Student-Lab/package.json (directory description file): SyntaxError: /home/knights/Documents/Drips Miantainer Project/Web3-Student-Lab/package.json (directory description file): SyntaxError: /home/knights/Documents/Drips Miantainer Project/Web3-Student-Lab/package.json (directory description file): SyntaxError: /home/knights/Documents/Drips Miantainer Project/Web3-Student-Lab/package.json (directory description file): SyntaxError: /home/knights/Documents/Drips Miantainer Project/Web3-Student-Lab/package.json (directory description file): SyntaxError: /home/knights/Documents/Drips Miantainer Project/Web3-Student-Lab/package.json (directory description file): SyntaxError: /home/knights/Documents/Drips Miantainer Project/Web3-Student-Lab/package.json (directory description file): SyntaxError: /home/knights/Documents/Drips Miantainer Project/Web3-Student-Lab/package.json (directory description file): SyntaxError: /home/knights/Documents/Drips Miantainer Project/Web3-Student-Lab/package.json (directory description file): SyntaxError: /home/knights/Documents/Drips Miantainer Project/Web3-Student-Lab/package.json (directory description file): SyntaxError: /home/knights/Documents/Drips Miantainer Project/Web3-Student-Lab/package.json (directory description file): SyntaxError: /home/knights/Documents/Drips Miantainer Project/Web3-Student-Lab/package.json (directory description file): SyntaxError: /home/knights/Documents/Drips Miantainer Project/Web3-Student-Lab/package.json (directory description file): SyntaxError: /home/knights/Documents/Drips Miantainer Project/Web3-Student-Lab/package.json (directory description file): SyntaxError: /home/knights/Documents/Drips Miantainer Project/Web3-Student-Lab/package.json (directory description file): SyntaxError: /home/knights/Documents/Drips Miantainer Project/Web3-Student-Lab/package.json (directory description file): SyntaxError: /home/knights/Documents/Drips Miantainer Project/Web3-Student-Lab/package.json (directory description file): SyntaxError: /home/knights/Documents/Drips Miantainer Project/Web3-Student-Lab/package.json (directory description file): SyntaxError: /home/knights/Documents/Drips Miantainer Project/Web3-Student-Lab/package.json (directory description file): SyntaxError: /home/knights/Documents/Drips Miantainer Project/Web3-Student-Lab/package.json (directory description file): SyntaxError: /home/knights/Documents/Drips Miantainer Project/Web3-Student-Lab/package.json (directory description file): SyntaxError: /home/knights/Documents/Drips Miantainer Project/Web3-Student-Lab/package.json (directory description file): SyntaxError: /home/knights/Documents/Drips Miantainer Project/Web3-Student-Lab/package.json (directory description file): SyntaxError: /home/knights/Documents/Drips Miantainer Project/Web3-Student-Lab/package.json (directory description file): SyntaxError: /home/knights/Documents/Drips Miantainer Project/Web3-Student-Lab/package.json (directory description file): SyntaxError: /home/knights/Documents/Drips Miantainer Project/Web3-Student-Lab/package.json (directory description file): SyntaxError: /home/knights/Documents/Drips Miantainer Project/Web3-Student-Lab/package.json (directory description file): SyntaxError: /home/knights/Documents/Drips Miantainer Project/Web3-Student-Lab/package.json (directory description file): SyntaxError: /home/knights/Documents/Drips Miantainer Project/Web3-Student-Lab/package.json (directory description file): SyntaxError: /home/knights/Documents/Drips Miantainer Project/Web3-Student-Lab/package.json (directory description file): SyntaxError: /home/knights/Documents/Drips Miantainer Project/Web3-Student-Lab/package.json (directory description file): SyntaxError: /home/knights/Documents/Drips Miantainer Project/Web3-Student-Lab/package.json (directory description file): SyntaxError: /home/knights/Documents/Drips Miantainer Project/Web3-Student-Lab/package.json (directory description file): SyntaxError: /home/knights/Documents/Drips Miantainer Project/Web3-Student-Lab/package.json (directory description file): SyntaxError: /home/knights/Documents/Drips Miantainer Project/Web3-Student-Lab/package.json (directory description file): SyntaxError: /home/knights/Documents/Drips Miantainer Project/Web3-Student-Lab/package.json (directory description file): SyntaxError: /home/knights/Documents/Drips Miantainer Project/Web3-Student-Lab/package.json (directory description file): SyntaxError: /home/knights/Documents/Drips Miantainer Project/Web3-Student-Lab/package.json (directory description file): SyntaxError: /home/knights/Documents/Drips Miantainer Project/Web3-Student-Lab/package.json (directory description file): SyntaxError: /home/knights/Documents/Drips Miantainer Project/Web3-Student-Lab/package.json (directory description file): SyntaxError: /home/knights/Documents/Drips Miantainer Project/Web3-Student-Lab/package.json (directory description file): SyntaxError: /home/knights/Documents/Drips Miantainer Project/Web3-Student-Lab/package.json (directory description file): SyntaxError: /home/knights/Documents/Drips Miantainer Project/Web3-Student-Lab/package.json (directory description file): SyntaxError: /home/knights/Documents/Drips Miantainer Project/Web3-Student-Lab/package.json (directory description file): SyntaxError: /home/knights/Documents/Drips Miantainer Project/Web3-Student-Lab/package.json (directory description file): SyntaxError: /home/knights/Documents/Drips Miantainer Project/Web3-Student-Lab/package.json (directory description file): SyntaxError: /home/knights/Documents/Drips Miantainer Project/Web3-Student-Lab/package.json (directory description file): SyntaxError: /home/knights/Documents/Drips Miantainer Project/Web3-Student-Lab/package.json (directory description file): SyntaxError: /home/knights/Documents/Drips Miantainer Project/Web3-Student-Lab/package.json (directory description file): SyntaxError: /home/knights/Documents/Drips Miantainer Project/Web3-Student-Lab/package.json (directory description file): SyntaxError: /home/knights/Documents/Drips Miantainer Project/Web3-Student-Lab/package.json (directory description file): SyntaxError: /home/knights/Documents/Drips Miantainer Project/Web3-Student-Lab/package.json (directory description file): SyntaxError: /home/knights/Documents/Drips Miantainer Project/Web3-Student-Lab/package.json (directory description file): SyntaxError: /home/knights/Documents/Drips Miantainer Project/Web3-Student-Lab/package.json (directory description file): SyntaxError: /home/knights/Documents/Drips Miantainer Project/Web3-Student-Lab/package.json (directory description file): SyntaxError: /home/knights/Documents/Drips Miantainer Project/Web3-Student-Lab/package.json (directory description file): SyntaxError: /home/knights/Documents/Drips Miantainer Project/Web3-Student-Lab/package.json (directory description file): SyntaxError: /home/knights/Documents/Drips Miantainer Project/Web3-Student-Lab/package.json (directory description file): SyntaxError: /home/knights/Documents/Drips Miantainer Project/Web3-Student-Lab/package.json (directory description file): SyntaxError: /home/knights/Documents/Drips Miantainer Project/Web3-Student-Lab/package.json (directory description file): SyntaxError: /home/knights/Documents/Drips Miantainer Project/Web3-Student-Lab/package.json (directory description file): SyntaxError: /home/knights/Documents/Drips Miantainer Project/Web3-Student-Lab/package.json (directory description file): SyntaxError: /home/knights/Documents/Drips Miantainer Project/Web3-Student-Lab/package.json (directory description file): SyntaxError: /home/knights/Documents/Drips Miantainer Project/Web3-Student-Lab/package.json (directory description file): SyntaxError: /home/knights/Documents/Drips Miantainer Project/Web3-Student-Lab/package.json (directory description file): SyntaxError: /home/knights/Documents/Drips Miantainer Project/Web3-Student-Lab/package.json (directory description file): SyntaxError: /home/knights/Documents/Drips Miantainer Project/Web3-Student-Lab/package.json (directory description file): SyntaxError: /home/knights/Documents/Drips Miantainer Project/Web3-Student-Lab/package.json (directory description file): SyntaxError: /home/knights/Documents/Drips Miantainer Project/Web3-Student-Lab/package.json (directory description file): SyntaxError: /home/knights/Documents/Drips Miantainer Project/Web3-Student-Lab/package.json (directory description file): SyntaxError: /home/knights/Documents/Drips Miantainer Project/Web3-Student-Lab/package.json (directory description file): SyntaxError: /home/knights/Documents/Drips Miantainer Project/Web3-Student-Lab/package.json (directory description file): SyntaxError: /home/knights/Documents/Drips Miantainer Project/Web3-Student-Lab/package.json (directory description file): SyntaxError: /home/knights/Documents/Drips Miantainer Project/Web3-Student-Lab/package.json (directory description file): SyntaxError: /home/knights/Documents/Drips Miantainer Project/Web3-Student-Lab/package.json (directory description file): SyntaxError: /home/knights/Documents/Drips Miantainer Project/Web3-Student-Lab/package.json (directory description file): SyntaxError: /home/knights/Documents/Drips Miantainer Project/Web3-Student-Lab/package.json (directory description file): SyntaxError: /home/knights/Documents/Drips Miantainer Project/Web3-Student-Lab/package.json (directory description file): SyntaxError: /home/knights/Documents/Drips Miantainer Project/Web3-Student-Lab/package.json (directory description file): SyntaxError: /home/knights/Documents/Drips Miantainer Project/Web3-Student-Lab/package.json (directory description file): SyntaxError: /home/knights/Documents/Drips Miantainer Project/Web3-Student-Lab/package.json (directory description file): SyntaxError: /home/knights/Documents/Drips Miantainer Project/Web3-Student-Lab/package.json (directory description file): SyntaxError: /home/knights/Documents/Drips Miantainer Project/Web3-Student-Lab/package.json (directory description file): SyntaxError: /home/knights/Documents/Drips Miantainer Project/Web3-Student-Lab/package.json (directory description file): SyntaxError: /home/knights/Documents/Drips Miantainer Project/Web3-Student-Lab/package.json (directory description file): SyntaxError: /home/knights/Documents/Drips Miantainer Project/Web3-Student-Lab/package.json (directory description file): SyntaxError: /home/knights/Documents/Drips Miantainer Project/Web3-Student-Lab/package.json (directory description file): SyntaxError: /home/knights/Documents/Drips Miantainer Project/Web3-Student-Lab/package.json (directory description file): SyntaxError: /home/knights/Documents/Drips Miantainer Project/Web3-Student-Lab/package.json (directory description file): SyntaxError: /home/knights/Documents/Drips Miantainer Project/Web3-Student-Lab/package.json (directory description file): SyntaxError: /home/knights/Documents/Drips Miantainer Project/Web3-Student-Lab/package.json (directory description file): SyntaxError: /home/knights/Documents/Drips Miantainer Project/Web3-Student-Lab/package.json (directory description file): SyntaxError: /home/knights/Documents/Drips Miantainer Project/Web3-Student-Lab/package.json (directory description file): SyntaxError: /home/knights/Documents/Drips Miantainer Project/Web3-Student-Lab/package.json (directory description file): SyntaxError: /home/knights/Documents/Drips Miantainer Project/Web3-Student-Lab/package.json (directory description file): SyntaxError: /home/knights/Documents/Drips Miantainer Project/Web3-Student-Lab/package.json (directory description file): SyntaxError: /home/knights/Documents/Drips Miantainer Project/Web3-Student-Lab/package.json (directory description file): SyntaxError: /home/knights/Documents/Drips Miantainer Project/Web3-Student-Lab/package.json (directory description file): SyntaxError: /home/knights/Documents/Drips Miantainer Project/Web3-Student-Lab/package.json (directory description file): SyntaxError: /home/knights/Documents/Drips Miantainer Project/Web3-Student-Lab/package.json (directory description file): SyntaxError: Unexpected token ' ', "          "... is not valid JSON

https://nextjs.org/docs/messages/module-not-found

Import trace for requested module:
./src/components/review/PeerReviewDashboard.tsx
./src/app/peer-review/page.tsx

./src/lib/editor/SorobanLanguage.ts
Module not found: /home/knights/Documents/Drips Miantainer Project/Web3-Student-Lab/package.json (directory description file): Syntax/home/knights/Documents/Drips Miantainer Project/Web3-Student-Lab/package.json (directory description file): SyntaxError: /home/knights/Documents/Drips Miantainer Project/Web3-Student-Lab/package.json (directory description file): SyntaxError: /home/knights/Documents/Drips Miantainer Project/Web3-Student-Lab/package.json (directory description file): SyntaxError: /home/knights/Documents/Drips Miantainer Project/Web3-Student-Lab/package.json (directory description file): SyntaxError: /home/knights/Documents/Drips Miantainer Project/Web3-Student-Lab/package.json (directory description file): SyntaxError: /home/knights/Documents/Drips Miantainer Project/Web3-Student-Lab/package.json (directory description file): SyntaxError: /home/knights/Documents/Drips Miantainer Project/Web3-Student-Lab/package.json (directory description file): SyntaxError: /home/knights/Documents/Drips Miantainer Project/Web3-Student-Lab/package.json (directory description file): SyntaxError: /home/knights/Documents/Drips Miantainer Project/Web3-Student-Lab/package.json (directory description file): SyntaxError: /home/knights/Documents/Drips Miantainer Project/Web3-Student-Lab/package.json (directory description file): SyntaxError: /home/knights/Documents/Drips Miantainer Project/Web3-Student-Lab/package.json (directory description file): SyntaxError: /home/knights/Documents/Drips Miantainer Project/Web3-Student-Lab/package.json (directory description file): SyntaxError: /home/knights/Documents/Drips Miantainer Project/Web3-Student-Lab/package.json (directory description file): SyntaxError: /home/knights/Documents/Drips Miantainer Project/Web3-Student-Lab/package.json (directory description file): SyntaxError: /home/knights/Documents/Drips Miantainer Project/Web3-Student-Lab/package.json (directory description file): SyntaxError: /home/knights/Documents/Drips Miantainer Project/Web3-Student-Lab/package.json (directory description file): SyntaxError: /home/knights/Documents/Drips Miantainer Project/Web3-Student-Lab/package.json (directory description file): SyntaxError: /home/knights/Documents/Drips Miantainer Project/Web3-Student-Lab/package.json (directory description file): SyntaxError: /home/knights/Documents/Drips Miantainer Project/Web3-Student-Lab/package.json (directory description file): SyntaxError: /home/knights/Documents/Drips Miantainer Project/Web3-Student-Lab/package.json (directory description file): SyntaxError: /home/knights/Documents/Drips Miantainer Project/Web3-Student-Lab/package.json (directory description file): SyntaxError: /home/knights/Documents/Drips Miantainer Project/Web3-Student-Lab/package.json (directory description file): SyntaxError: /home/knights/Documents/Drips Miantainer Project/Web3-Student-Lab/package.json (directory description file): SyntaxError: /home/knights/Documents/Drips Miantainer Project/Web3-Student-Lab/package.json (directory description file): SyntaxError: /home/knights/Documents/Drips Miantainer Project/Web3-Student-Lab/package.json (directory description file): SyntaxError: /home/knights/Documents/Drips Miantainer Project/Web3-Student-Lab/package.json (directory description file): SyntaxError: /home/knights/Documents/Drips Miantainer Project/Web3-Student-Lab/package.json (directory description file): SyntaxError: /home/knights/Documents/Drips Miantainer Project/Web3-Student-Lab/package.json (directory description file): SyntaxError: /home/knights/Documents/Drips Miantainer Project/Web3-Student-Lab/package.json (directory description file): SyntaxError: /home/knights/Documents/Drips Miantainer Project/Web3-Student-Lab/package.json (directory description file): SyntaxError: /home/knights/Documents/Drips Miantainer Project/Web3-Student-Lab/package.json (directory description file): SyntaxError: /home/knights/Documents/Drips Miantainer Project/Web3-Student-Lab/package.json (directory description file): SyntaxError: /home/knights/Documents/Drips Miantainer Project/Web3-Student-Lab/package.json (directory description file): SyntaxError: /home/knights/Documents/Drips Miantainer Project/Web3-Student-Lab/package.json (directory description file): SyntaxError: /home/knights/Documents/Drips Miantainer Project/Web3-Student-Lab/package.json (directory description file): SyntaxError: /home/knights/Documents/Drips Miantainer Project/Web3-Student-Lab/package.json (directory description file): SyntaxError: /home/knights/Documents/Drips Miantainer Project/Web3-Student-Lab/package.json (directory description file): SyntaxError: /home/knights/Documents/Drips Miantainer Project/Web3-Student-Lab/package.json (directory description file): SyntaxError: /home/knights/Documents/Drips Miantainer Project/Web3-Student-Lab/package.json (directory description file): SyntaxError: /home/knights/Documents/Drips Miantainer Project/Web3-Student-Lab/package.json (directory description file): SyntaxError: /home/knights/Documents/Drips Miantainer Project/Web3-Student-Lab/package.json (directory description file): SyntaxError: /home/knights/Documents/Drips Miantainer Project/Web3-Student-Lab/package.json (directory description file): SyntaxError: /home/knights/Documents/Drips Miantainer Project/Web3-Student-Lab/package.json (directory description file): SyntaxError: /home/knights/Documents/Drips Miantainer Project/Web3-Student-Lab/package.json (directory description file): SyntaxError: /home/knights/Documents/Drips Miantainer Project/Web3-Student-Lab/package.json (directory description file): SyntaxError: /home/knights/Documents/Drips Miantainer Project/Web3-Student-Lab/package.json (directory description file): SyntaxError: /home/knights/Documents/Drips Miantainer Project/Web3-Student-Lab/package.json (directory description file): SyntaxError: /home/knights/Documents/Drips Miantainer Project/Web3-Student-Lab/package.json (directory description file): SyntaxError: /home/knights/Documents/Drips Miantainer Project/Web3-Student-Lab/package.json (directory description file): SyntaxError: /home/knights/Documents/Drips Miantainer Project/Web3-Student-Lab/package.json (directory description file): SyntaxError: /home/knights/Documents/Drips Miantainer Project/Web3-Student-Lab/package.json (directory description file): SyntaxError: /home/knights/Documents/Drips Miantainer Project/Web3-Student-Lab/package.json (directory description file): SyntaxError: /home/knights/Documents/Drips Miantainer Project/Web3-Student-Lab/package.json (directory description file): SyntaxError: /home/knights/Documents/Drips Miantainer Project/Web3-Student-Lab/package.json (directory description file): SyntaxError: /home/knights/Documents/Drips Miantainer Project/Web3-Student-Lab/package.json (directory description file): SyntaxError: /home/knights/Documents/Drips Miantainer Project/Web3-Student-Lab/package.json (directory description file): SyntaxError: /home/knights/Documents/Drips Miantainer Project/Web3-Student-Lab/package.json (directory description file): SyntaxError: /home/knights/Documents/Drips Miantainer Project/Web3-Student-Lab/package.json (directory description file): SyntaxError: /home/knights/Documents/Drips Miantainer Project/Web3-Student-Lab/package.json (directory description file): SyntaxError: /home/knights/Documents/Drips Miantainer Project/Web3-Student-Lab/package.json (directory description file): SyntaxError: /home/knights/Documents/Drips Miantainer Project/Web3-Student-Lab/package.json (directory description file): SyntaxError: /home/knights/Documents/Drips Miantainer Project/Web3-Student-Lab/package.json (directory description file): SyntaxError: /home/knights/Documents/Drips Miantainer Project/Web3-Student-Lab/package.json (directory description file): SyntaxError: /home/knights/Documents/Drips Miantainer Project/Web3-Student-Lab/package.json (directory description file): SyntaxError: /home/knights/Documents/Drips Miantainer Project/Web3-Student-Lab/package.json (directory description file): SyntaxError: /home/knights/Documents/Drips Miantainer Project/Web3-Student-Lab/package.json (directory description file): SyntaxError: /home/knights/Documents/Drips Miantainer Project/Web3-Student-Lab/package.json (directory description file): SyntaxError: /home/knights/Documents/Drips Miantainer Project/Web3-Student-Lab/package.json (directory description file): SyntaxError: /home/knights/Documents/Drips Miantainer Project/Web3-Student-Lab/package.json (directory description file): SyntaxError: /home/knights/Documents/Drips Miantainer Project/Web3-Student-Lab/package.json (directory description file): SyntaxError: /home/knights/Documents/Drips Miantainer Project/Web3-Student-Lab/package.json (directory description file): SyntaxError: /home/knights/Documents/Drips Miantainer Project/Web3-Student-Lab/package.json (directory description file): SyntaxError: /home/knights/Documents/Drips Miantainer Project/Web3-Student-Lab/package.json (directory description file): SyntaxError: /home/knights/Documents/Drips Miantainer Project/Web3-Student-Lab/package.json (directory description file): SyntaxError: /home/knights/Documents/Drips Miantainer Project/Web3-Student-Lab/package.json (directory description file): SyntaxError: /home/knights/Documents/Drips Miantainer Project/Web3-Student-Lab/package.json (directory description file): SyntaxError: /home/knights/Documents/Drips Miantainer Project/Web3-Student-Lab/package.json (directory description file): SyntaxError: /home/knights/Documents/Drips Miantainer Project/Web3-Student-Lab/package.json (directory description file): SyntaxError: /home/knights/Documents/Drips Miantainer Project/Web3-Student-Lab/package.json (directory description file): SyntaxError: /home/knights/Documents/Drips Miantainer Project/Web3-Student-Lab/package.json (directory description file): SyntaxError: /home/knights/Documents/Drips Miantainer Project/Web3-Student-Lab/package.json (directory description file): SyntaxError: /home/knights/Documents/Drips Miantainer Project/Web3-Student-Lab/package.json (directory description file): SyntaxError: /home/knights/Documents/Drips Miantainer Project/Web3-Student-Lab/package.json (directory description file): SyntaxError: /home/knights/Documents/Drips Miantainer Project/Web3-Student-Lab/package.json (directory description file): SyntaxError: /home/knights/Documents/Drips Miantainer Project/Web3-Student-Lab/package.json (directory description file): SyntaxError: /home/knights/Documents/Drips Miantainer Project/Web3-Student-Lab/package.json (directory description file): SyntaxError: /home/knights/Documents/Drips Miantainer Project/Web3-Student-Lab/package.json (directory description file): SyntaxError: /home/knights/Documents/Drips Miantainer Project/Web3-Student-Lab/package.json (directory description file): SyntaxError: /home/knights/Documents/Drips Miantainer Project/Web3-Student-Lab/package.json (directory description file): SyntaxError: /home/knights/Documents/Drips Miantainer Project/Web3-Student-Lab/package.json (directory description file): SyntaxError: /home/knights/Documents/Drips Miantainer Project/Web3-Student-Lab/package.json (directory description file): SyntaxError: /home/knights/Documents/Drips Miantainer Project/Web3-Student-Lab/package.json (directory description file): SyntaxError: /home/knights/Documents/Drips Miantainer Project/Web3-Student-Lab/package.json (directory description file): SyntaxError: /home/knights/Documents/Drips Miantainer Project/Web3-Student-Lab/package.json (directory description file): SyntaxError: /home/knights/Documents/Drips Miantainer Project/Web3-Student-Lab/package.json (directory description file): SyntaxError: /home/knights/Documents/Drips Miantainer Project/Web3-Student-Lab/package.json (directory description file): SyntaxError: /home/knights/Documents/Drips Miantainer Project/Web3-Student-Lab/package.json (directory description file): SyntaxError: /home/knights/Documents/Drips Miantainer Project/Web3-Student-Lab/package.json (directory description file): SyntaxError: /home/knights/Documents/Drips Miantainer Project/Web3-Student-Lab/package.json (directory description file): SyntaxError: /home/knights/Documents/Drips Miantainer Project/Web3-Student-Lab/package.json (directory description file): SyntaxError: /home/knights/Documents/Drips Miantainer Project/Web3-Student-Lab/package.json (directory description file): SyntaxError: /home/knights/Documents/Drips Miantainer Project/Web3-Student-Lab/package.json (directory description file): SyntaxError: /home/knights/Documents/Drips Miantainer Project/Web3-Student-Lab/package.json (directory description file): SyntaxError: /home/knights/Documents/Drips Miantainer Project/Web3-Student-Lab/package.json (directory description file): SyntaxError: /home/knights/Documents/Drips Miantainer Project/Web3-Student-Lab/package.json (directory description file): SyntaxError: /home/knights/Documents/Drips Miantainer Project/Web3-Student-Lab/package.json (directory description file): SyntaxError: /home/knights/Documents/Drips Miantainer Project/Web3-Student-Lab/package.json (directory description file): SyntaxError: /home/knights/Documents/Drips Miantainer Project/Web3-Student-Lab/package.json (directory description file): SyntaxError: /home/knights/Documents/Drips Miantainer Project/Web3-Student-Lab/package.json (directory description file): SyntaxError: /home/knights/Documents/Drips Miantainer Project/Web3-Student-Lab/package.json (directory description file): SyntaxError: /home/knights/Documents/Drips Miantainer Project/Web3-Student-Lab/package.json (directory description file): SyntaxError: /home/knights/Documents/Drips Miantainer Project/Web3-Student-Lab/package.json (directory description file): SyntaxError: /home/knights/Documents/Drips Miantainer Project/Web3-Student-Lab/package.json (directory description file): SyntaxError: /home/knights/Documents/Drips Miantainer Project/Web3-Student-Lab/package.json (directory description file): SyntaxError: /home/knights/Documents/Drips Miantainer Project/Web3-Student-Lab/package.json (directory description file): SyntaxError: /home/knights/Documents/Drips Miantainer Project/Web3-Student-Lab/package.json (directory description file): SyntaxError: /home/knights/Documents/Drips Miantainer Project/Web3-Student-Lab/package.json (directory description file): SyntaxError: /home/knights/Documents/Drips Miantainer Project/Web3-Student-Lab/package.json (directory description file): SyntaxError: /home/knights/Documents/Drips Miantainer Project/Web3-Student-Lab/package.json (directory description file): SyntaxError: /home/knights/Documents/Drips Miantainer Project/Web3-Student-Lab/package.json (directory description file): SyntaxError: /home/knights/Documents/Drips Miantainer Project/Web3-Student-Lab/package.json (directory description file): SyntaxError: /home/knights/Documents/Drips Miantainer Project/Web3-Student-Lab/package.json (directory description file): SyntaxError: /home/knights/Documents/Drips Miantainer Project/Web3-Student-Lab/package.json (directory description file): SyntaxError: /home/knights/Documents/Drips Miantainer Project/Web3-Student-Lab/package.json (directory description file): SyntaxError: /home/knights/Documents/Drips Miantainer Project/Web3-Student-Lab/package.json (directory description file): SyntaxError: /home/knights/Documents/Drips Miantainer Project/Web3-Student-Lab/package.json (directory description file): SyntaxError: /home/knights/Documents/Drips Miantainer Project/Web3-Student-Lab/package.json (directory description file): SyntaxError: /home/knights/Documents/Drips Miantainer Project/Web3-Student-Lab/package.json (directory description file): SyntaxError: /home/knights/Documents/Drips Miantainer Project/Web3-Student-Lab/package.json (directory description file): SyntaxError: /home/knights/Documents/Drips Miantainer Project/Web3-Student-Lab/package.json (directory description file): SyntaxError: /home/knights/Documents/Drips Miantainer Project/Web3-Student-Lab/package.json (directory description file): SyntaxError: /home/knights/Documents/Drips Miantainer Project/Web3-Student-Lab/package.json (directory description file): SyntaxError: /home/knights/Documents/Drips Miantainer Project/Web3-Student-Lab/package.json (directory description file): SyntaxError: /home/knights/Documents/Drips Miantainer Project/Web3-Student-Lab/package.json (directory description file): SyntaxError: /home/knights/Documents/Drips Miantainer Project/Web3-Student-Lab/package.json (directory description file): SyntaxError: /home/knights/Documents/Drips Miantainer Project/Web3-Student-Lab/package.json (directory description file): SyntaxError: /home/knights/Documents/Drips Miantainer Project/Web3-Student-Lab/package.json (directory description file): SyntaxError: /home/knights/Documents/Drips Miantainer Project/Web3-Student-Lab/package.json (directory description file): SyntaxError: /home/knights/Documents/Drips Miantainer Project/Web3-Student-Lab/package.json (directory description file): SyntaxError: /home/knights/Documents/Drips Miantainer Project/Web3-Student-Lab/package.json (directory description file): SyntaxError: /home/knights/Documents/Drips Miantainer Project/Web3-Student-Lab/package.json (directory description file): SyntaxError: /home/knights/Documents/Drips Miantainer Project/Web3-Student-Lab/package.json (directory description file): SyntaxError: /home/knights/Documents/Drips Miantainer Project/Web3-Student-Lab/package.json (directory description file): SyntaxError: /home/knights/Documents/Drips Miantainer Project/Web3-Student-Lab/package.json (directory description file): SyntaxError: /home/knights/Documents/Drips Miantainer Project/Web3-Student-Lab/package.json (directory description file): SyntaxError: /home/knights/Documents/Drips Miantainer Project/Web3-Student-Lab/package.json (directory description file): SyntaxError: /home/knights/Documents/Drips Miantainer Project/Web3-Student-Lab/package.json (directory description file): SyntaxError: /home/knights/Documents/Drips Miantainer Project/Web3-Student-Lab/package.json (directory description file): SyntaxError: /home/knights/Documents/Drips Miantainer Project/Web3-Student-Lab/package.json (directory description file): SyntaxError: /home/knights/Documents/Drips Miantainer Project/Web3-Student-Lab/package.json (directory description file): SyntaxError: /home/knights/Documents/Drips Miantainer Project/Web3-Student-Lab/package.json (directory description file): SyntaxError: /home/knights/Documents/Drips Miantainer Project/Web3-Student-Lab/package.json (directory description file): SyntaxError: /home/knights/Documents/Drips Miantainer Project/Web3-Student-Lab/package.json (directory description file): SyntaxError: /home/knights/Documents/Drips Miantainer Project/Web3-Student-Lab/package.json (directory description file): SyntaxError: /home/knights/Documents/Drips Miantainer Project/Web3-Student-Lab/package.json (directory description file): SyntaxError: /home/knights/Documents/Drips Miantainer Project/Web3-Student-Lab/package.json (directory description file): SyntaxError: /home/knights/Documents/Drips Miantainer Project/Web3-Student-Lab/package.json (directory description file): SyntaxError: /home/knights/Documents/Drips Miantainer Project/Web3-Student-Lab/package.json (directory description file): SyntaxError: /home/knights/Documents/Drips Miantainer Project/Web3-Student-Lab/package.json (directory description file): SyntaxError: /home/knights/Documents/Drips Miantainer Project/Web3-Student-Lab/package.json (directory description file): SyntaxError: /home/knights/Documents/Drips Miantainer Project/Web3-Student-Lab/package.json (directory description file): SyntaxError: /home/knights/Documents/Drips Miantainer Project/Web3-Student-Lab/package.json (directory description file): SyntaxError: /home/knights/Documents/Drips Miantainer Project/Web3-Student-Lab/package.json (directory description file): SyntaxError: /home/knights/Documents/Drips Miantainer Project/Web3-Student-Lab/package.json (directory description file): SyntaxError: /home/knights/Documents/Drips Miantainer Project/Web3-Student-Lab/package.json (directory description file): SyntaxError: /home/knights/Documents/Drips Miantainer Project/Web3-Student-Lab/package.json (directory description file): SyntaxError: /home/knights/Documents/Drips Miantainer Project/Web3-Student-Lab/package.json (directory description file): SyntaxError: /home/knights/Documents/Drips Miantainer Project/Web3-Student-Lab/package.json (directory description file): SyntaxError: /home/knights/Documents/Drips Miantainer Project/Web3-Student-Lab/package.json (directory description file): SyntaxError: /home/knights/Documents/Drips Miantainer Project/Web3-Student-Lab/package.json (directory description file): SyntaxError: /home/knights/Documents/Drips Miantainer Project/Web3-Student-Lab/package.json (directory description file): SyntaxError: /home/knights/Documents/Drips Miantainer Project/Web3-Student-Lab/package.json (directory description file): SyntaxError: /home/knights/Documents/Drips Miantainer Project/Web3-Student-Lab/package.json (directory description file): SyntaxError: /home/knights/Documents/Drips Miantainer Project/Web3-Student-Lab/package.json (directory description file): SyntaxError: /home/knights/Documents/Drips Miantainer Project/Web3-Student-Lab/package.json (directory description file): SyntaxError: /home/knights/Documents/Drips Miantainer Project/Web3-Student-Lab/package.json (directory description file): SyntaxError: /home/knights/Documents/Drips Miantainer Project/Web3-Student-Lab/package.json (directory description file): SyntaxError: /home/knights/Documents/Drips Miantainer Project/Web3-Student-Lab/package.json (directory description file): SyntaxError: /home/knights/Documents/Drips Miantainer Project/Web3-Student-Lab/package.json (directory description file): SyntaxError: /home/knights/Documents/Drips Miantainer Project/Web3-Student-Lab/package.json (directory description file): SyntaxError: /home/knights/Documents/Drips Miantainer Project/Web3-Student-Lab/package.json (directory description file): SyntaxError: /home/knights/Documents/Drips Miantainer Project/Web3-Student-Lab/package.json (directory description file): SyntaxError: /home/knights/Documents/Drips Miantainer Project/Web3-Student-Lab/package.json (directory description file): SyntaxError: /home/knights/Documents/Drips Miantainer Project/Web3-Student-Lab/package.json (directory description file): SyntaxError: /home/knights/Documents/Drips Miantainer Project/Web3-Student-Lab/package.json (directory description file): SyntaxError: /home/knights/Documents/Drips Miantainer Project/Web3-Student-Lab/package.json (directory description file): SyntaxError: /home/knights/Documents/Drips Miantainer Project/Web3-Student-Lab/package.json (directory description file): SyntaxError: /home/knights/Documents/Drips Miantainer Project/Web3-Student-Lab/package.json (directory description file): SyntaxError: /home/knights/Documents/Drips Miantainer Project/Web3-Student-Lab/package.json (directory description file): SyntaxError: /home/knights/Documents/Drips Miantainer Project/Web3-Student-Lab/package.json (directory description file): SyntaxError: /home/knights/Documents/Drips Miantainer Project/Web3-Student-Lab/package.json (directory description file): SyntaxError: /home/knights/Documents/Drips Miantainer Project/Web3-Student-Lab/package.json (directory description file): SyntaxError: /home/knights/Documents/Drips Miantainer Project/Web3-Student-Lab/package.json (directory description file): SyntaxError: /home/knights/Documents/Drips Miantainer Project/Web3-Student-Lab/package.json (directory description file): SyntaxError: /home/knights/Documents/Drips Miantainer Project/Web3-Student-Lab/package.json (directory description file): SyntaxError: /home/knights/Documents/Drips Miantainer Project/Web3-Student-Lab/package.json (directory description file): SyntaxError: /home/knights/Documents/Drips Miantainer Project/Web3-Student-Lab/package.json (directory description file): SyntaxError: /home/knights/Documents/Drips Miantainer Project/Web3-Student-Lab/package.json (directory description file): SyntaxError: /home/knights/Documents/Drips Miantainer Project/Web3-Student-Lab/package.json (directory description file): SyntaxError: /home/knights/Documents/Drips Miantainer Project/Web3-Student-Lab/package.json (directory description file): SyntaxError: /home/knights/Documents/Drips Miantainer Project/Web3-Student-Lab/package.json (directory description file): SyntaxError: /home/knights/Documents/Drips Miantainer Project/Web3-Student-Lab/package.json (directory description file): SyntaxError: /home/knights/Documents/Drips Miantainer Project/Web3-Student-Lab/package.json (directory description file): SyntaxError: /home/knights/Documents/Drips Miantainer Project/Web3-Student-Lab/package.json (directory description file): SyntaxError: /home/knights/Documents/Drips Miantainer Project/Web3-Student-Lab/package.json (directory description file): SyntaxError: /home/knights/Documents/Drips Miantainer Project/Web3-Student-Lab/package.json (directory description file): SyntaxError: /home/knights/Documents/Drips Miantainer Project/Web3-Student-Lab/package.json (directory description file): SyntaxError: /home/knights/Documents/Drips Miantainer Project/Web3-Student-Lab/package.json (directory description file): SyntaxError: /home/knights/Documents/Drips Miantainer Project/Web3-Student-Lab/package.json (directory description file): SyntaxError: /home/knights/Documents/Drips Miantainer Project/Web3-Student-Lab/package.json (directory description file): SyntaxError: /home/knights/Documents/Drips Miantainer Project/Web3-Student-Lab/package.json (directory description file): SyntaxError: /home/knights/Documents/Drips Miantainer Project/Web3-Student-Lab/package.json (directory description file): SyntaxError: /home/knights/Documents/Drips Miantainer Project/Web3-Student-Lab/package.json (directory description file): SyntaxError: /home/knights/Documents/Drips Miantainer Project/Web3-Student-Lab/package.json (directory description file): SyntaxError: /home/knights/Documents/Drips Miantainer Project/Web3-Student-Lab/package.json (directory description file): SyntaxError: /home/knights/Documents/Drips Miantainer Project/Web3-Student-Lab/package.json (directory description file): SyntaxError: /home/knights/Documents/Drips Miantainer Project/Web3-Student-Lab/package.json (directory description file): SyntaxError: /home/knights/Documents/Drips Miantainer Project/Web3-Student-Lab/package.json (directory description file): SyntaxError: /home/knights/Documents/Drips Miantainer Project/Web3-Student-Lab/package.json (directory description file): SyntaxError: /home/knights/Documents/Drips Miantainer Project/Web3-Student-Lab/package.json (directory description file): SyntaxError: /home/knights/Documents/Drips Miantainer Project/Web3-Student-Lab/package.json (directory description file): SyntaxError: /home/knights/Documents/Drips Miantainer Project/Web3-Student-Lab/package.json (directory description file): SyntaxError: /home/knights/Documents/Drips Miantainer Project/Web3-Student-Lab/package.json (directory description file): SyntaxError: /home/knights/Documents/Drips Miantainer Project/Web3-Student-Lab/package.json (directory description file): SyntaxError: /home/knights/Documents/Drips Miantainer Project/Web3-Student-Lab/package.json (directory description file): SyntaxError: /home/knights/Documents/Drips Miantainer Project/Web3-Student-Lab/package.json (directory description file): SyntaxError: /home/knights/Documents/Drips Miantainer Project/Web3-Student-Lab/package.json (directory description file): SyntaxError: /home/knights/Documents/Drips Miantainer Project/Web3-Student-Lab/package.json (directory description file): SyntaxError: /home/knights/Documents/Drips Miantainer Project/Web3-Student-Lab/package.json (directory description file): SyntaxError: /home/knights/Documents/Drips Miantainer Project/Web3-Student-Lab/package.json (directory description file): SyntaxError: /home/knights/Documents/Drips Miantainer Project/Web3-Student-Lab/package.json (directory description file): SyntaxError: /home/knights/Documents/Drips Miantainer Project/Web3-Student-Lab/package.json (directory description file): SyntaxError: /home/knights/Documents/Drips Miantainer Project/Web3-Student-Lab/package.json (directory description file): SyntaxError: /home/knights/Documents/Drips Miantainer Project/Web3-Student-Lab/package.json (directory description file): SyntaxError: /home/knights/Documents/Drips Miantainer Project/Web3-Student-Lab/package.json (directory description file): SyntaxError: /home/knights/Documents/Drips Miantainer Project/Web3-Student-Lab/package.json (directory description file): SyntaxError: /home/knights/Documents/Drips Miantainer Project/Web3-Student-Lab/package.json (directory description file): SyntaxError: /home/knights/Documents/Drips Miantainer Project/Web3-Student-Lab/package.json (directory description file): SyntaxError: /home/knights/Documents/Drips Miantainer Project/Web3-Student-Lab/package.json (directory description file): SyntaxError: /home/knights/Documents/Drips Miantainer Project/Web3-Student-Lab/package.json (directory description file): SyntaxError: /home/knights/Documents/Drips Miantainer Project/Web3-Student-Lab/package.json (directory description file): SyntaxError: /home/knights/Documents/Drips Miantainer Project/Web3-Student-Lab/package.json (directory description file): SyntaxError: /home/knights/Documents/Drips Miantainer Project/Web3-Student-Lab/package.json (directory description file): SyntaxError: /home/knights/Documents/Drips Miantainer Project/Web3-Student-Lab/package.json (directory description file): SyntaxError: /home/knights/Documents/Drips Miantainer Project/Web3-Student-Lab/package.json (directory description file): SyntaxError: /home/knights/Documents/Drips Miantainer Project/Web3-Student-Lab/package.json (directory description file): SyntaxError: /home/knights/Documents/Drips Miantainer Project/Web3-Student-Lab/package.json (directory description file): SyntaxError: /home/knights/Documents/Drips Miantainer Project/Web3-Student-Lab/package.json (directory description file): SyntaxError: /home/knights/Documents/Drips Miantainer Project/Web3-Student-Lab/package.json (directory description file): SyntaxError: /home/knights/Documents/Drips Miantainer Project/Web3-Student-Lab/package.json (directory description file): SyntaxError: /home/knights/Documents/Drips Miantainer Project/Web3-Student-Lab/package.json (directory description file): SyntaxError: /home/knights/Documents/Drips Miantainer Project/Web3-Student-Lab/package.json (directory description file): SyntaxError: /home/knights/Documents/Drips Miantainer Project/Web3-Student-Lab/package.json (directory description file): SyntaxError: /home/knights/Documents/Drips Miantainer Project/Web3-Student-Lab/package.json (directory description file): SyntaxError: /home/knights/Documents/Drips Miantainer Project/Web3-Student-Lab/package.json (directory description file): SyntaxError: /home/knights/Documents/Drips Miantainer Project/Web3-Student-Lab/package.json (directory description file): SyntaxError: /home/knights/Documents/Drips Miantainer Project/Web3-Student-Lab/package.json (directory description file): SyntaxError: /home/knights/Documents/Drips Miantainer Project/Web3-Student-Lab/package.json (directory description file): SyntaxError: /home/knights/Documents/Drips Miantainer Project/Web3-Student-Lab/package.json (directory description file): SyntaxError: /home/knights/Documents/Drips Miantainer Project/Web3-Student-Lab/package.json (directory description file): SyntaxError: /home/knights/Documents/Drips Miantainer Project/Web3-Student-Lab/package.json (directory description file): SyntaxError: /home/knights/Documents/Drips Miantainer Project/Web3-Student-Lab/package.json (directory description file): SyntaxError: /home/knights/Documents/Drips Miantainer Project/Web3-Student-Lab/package.json (directory description file): SyntaxError: /home/knights/Documents/Drips Miantainer Project/Web3-Student-Lab/package.json (directory description file): SyntaxError: /home/knights/Documents/Drips Miantainer Project/Web3-Student-Lab/package.json (directory description file): SyntaxError: /home/knights/Documents/Drips Miantainer Project/Web3-Student-Lab/package.json (directory description file): SyntaxError: /home/knights/Documents/Drips Miantainer Project/Web3-Student-Lab/package.json (directory description file): SyntaxError: /home/knights/Documents/Drips Miantainer Project/Web3-Student-Lab/package.json (directory description file): SyntaxError: /home/knights/Documents/Drips Miantainer Project/Web3-Student-Lab/package.json (directory description file): SyntaxError: /home/knights/Documents/Drips Miantainer Project/Web3-Student-Lab/package.json (directory description file): SyntaxError: /home/knights/Documents/Drips Miantainer Project/Web3-Student-Lab/package.json (directory description file): SyntaxError: /home/knights/Documents/Drips Miantainer Project/Web3-Student-Lab/package.json (directory description file): SyntaxError: /home/knights/Documents/Drips Miantainer Project/Web3-Student-Lab/package.json (directory description file): SyntaxError: /home/knights/Documents/Drips Miantainer Project/Web3-Student-Lab/package.json (directory description file): SyntaxError: /home/knights/Documents/Drips Miantainer Project/Web3-Student-Lab/package.json (directory description file): SyntaxError: /home/knights/Documents/Drips Miantainer Project/Web3-Student-Lab/package.json (directory description file): SyntaxError: /home/knights/Documents/Drips Miantainer Project/Web3-Student-Lab/package.json (directory description file): SyntaxError: /home/knights/Documents/Drips Miantainer Project/Web3-Student-Lab/package.json (directory description file): SyntaxError: /home/knights/Documents/Drips Miantainer Project/Web3-Student-Lab/package.json (directory description file): SyntaxError: /home/knights/Documents/Drips Miantainer Project/Web3-Student-Lab/package.json (directory description file): SyntaxError: /home/knights/Documents/Drips Miantainer Project/Web3-Student-Lab/package.json (directory description file): SyntaxError: /home/knights/Documents/Drips Miantainer Project/Web3-Student-Lab/package.json (directory description file): SyntaxError: /home/knights/Documents/Drips Miantainer Project/Web3-Student-Lab/package.json (directory description file): SyntaxError: /home/knights/Documents/Drips Miantainer Project/Web3-Student-Lab/package.json (directory description file): SyntaxError: /home/knights/Documents/Drips Miantainer Project/Web3-Student-Lab/package.json (directory description file): SyntaxError: /home/knights/Documents/Drips Miantainer Project/Web3-Student-Lab/package.json (directory description file): SyntaxError: /home/knights/Documents/Drips Miantainer Project/Web3-Student-Lab/package.json (directory description file): SyntaxError: /home/knights/Documents/Drips Miantainer Project/Web3-Student-Lab/package.json (directory description file): SyntaxError: /home/knights/Documents/Drips Miantainer Project/Web3-Student-Lab/package.json (directory description file): SyntaxError: /home/knights/Documents/Drips Miantainer Project/Web3-Student-Lab/package.json (directory description file): SyntaxError: /home/knights/Documents/Drips Miantainer Project/Web3-Student-Lab/package.json (directory description file): SyntaxError: /home/knights/Documents/Drips Miantainer Project/Web3-Student-Lab/package.json (directory description file): SyntaxError: /home/knights/Documents/Drips Miantainer Project/Web3-Student-Lab/package.json (directory description file): SyntaxError: /home/knights/Documents/Drips Miantainer Project/Web3-Student-Lab/package.json (directory description file): SyntaxError: /home/knights/Documents/Drips Miantainer Project/Web3-Student-Lab/package.json (directory description file): SyntaxError: /home/knights/Documents/Drips Miantainer Project/Web3-Student-Lab/package.json (directory description file): SyntaxError: /home/knights/Documents/Drips Miantainer Project/Web3-Student-Lab/package.json (directory description file): SyntaxError: /home/knights/Documents/Drips Miantainer Project/Web3-Student-Lab/package.json (directory description file): SyntaxError: /home/knights/Documents/Drips Miantainer Project/Web3-Student-Lab/package.json (directory description file): SyntaxError: /home/knights/Documents/Drips Miantainer Project/Web3-Student-Lab/package.json (directory description file): SyntaxError: /home/knights/Documents/Drips Miantainer Project/Web3-Student-Lab/package.json (directory description file): SyntaxError: /home/knights/Documents/Drips Miantainer Project/Web3-Student-Lab/package.json (directory description file): SyntaxError: /home/knights/Documents/Drips Miantainer Project/Web3-Student-Lab/package.json (directory description file): SyntaxError: /home/knights/Documents/Drips Miantainer Project/Web3-Student-Lab/package.json (directory description file): SyntaxError: /home/knights/Documents/Drips Miantainer Project/Web3-Student-Lab/package.json (directory description file): SyntaxError: /home/knights/Documents/Drips Miantainer Project/Web3-Student-Lab/package.json (directory description file): SyntaxError: /home/knights/Documents/Drips Miantainer Project/Web3-Student-Lab/package.json (directory description file): SyntaxError: /home/knights/Documents/Drips Miantainer Project/Web3-Student-Lab/package.json (directory description file): SyntaxError: /home/knights/Documents/Drips Miantainer Project/Web3-Student-Lab/package.json (directory description file): SyntaxError: /home/knights/Documents/Drips Miantainer Project/Web3-Student-Lab/package.json (directory description file): SyntaxError: /home/knights/Documents/Drips Miantainer Project/Web3-Student-Lab/package.json (directory description file): SyntaxError: /home/knights/Documents/Drips Miantainer Project/Web3-Student-Lab/package.json (directory description file): SyntaxError: /home/knights/Documents/Drips Miantainer Project/Web3-Student-Lab/package.json (directory description file): SyntaxError: /home/knights/Documents/Drips Miantainer Project/Web3-Student-Lab/package.json (directory description file): SyntaxError: /home/knights/Documents/Drips Miantainer Project/Web3-Student-Lab/package.json (directory description file): SyntaxError: /home/knights/Documents/Drips Miantainer Project/Web3-Student-Lab/package.json (directory description file): SyntaxError: /home/knights/Documents/Drips Miantainer Project/Web3-Student-Lab/package.json (directory description file): SyntaxError: /home/knights/Documents/Drips Miantainer Project/Web3-Student-Lab/package.json (directory description file): SyntaxError: /home/knights/Documents/Drips Miantainer Project/Web3-Student-Lab/package.json (directory description file): SyntaxError: /home/knights/Documents/Drips Miantainer Project/Web3-Student-Lab/package.json (directory description file): SyntaxError: /home/knights/Documents/Drips Miantainer Project/Web3-Student-Lab/package.json (directory description file): SyntaxError: /home/knights/Documents/Drips Miantainer Project/Web3-Student-Lab/package.json (directory description file): SyntaxError: /home/knights/Documents/Drips Miantainer Project/Web3-Student-Lab/package.json (directory description file): SyntaxError: /home/knights/Documents/Drips Miantainer Project/Web3-Student-Lab/package.json (directory description file): SyntaxError: /home/knights/Documents/Drips Miantainer Project/Web3-Student-Lab/package.json (directory description file): SyntaxError: /home/knights/Documents/Drips Miantainer Project/Web3-Student-Lab/package.json (directory description file): SyntaxError: /home/knights/Documents/Drips Miantainer Project/Web3-Student-Lab/package.json (directory description file): SyntaxError: /home/knights/Documents/Drips Miantainer Project/Web3-Student-Lab/package.json (directory description file): SyntaxError: /home/knights/Documents/Drips Miantainer Project/Web3-Student-Lab/package.json (directory description file): SyntaxError: /home/knights/Documents/Drips Miantainer Project/Web3-Student-Lab/package.json (directory description file): SyntaxError: /home/knights/Documents/Drips Miantainer Project/Web3-Student-Lab/package.json (directory description file): SyntaxError: /home/knights/Documents/Drips Miantainer Project/Web3-Student-Lab/package.json (directory description file): SyntaxError: /home/knights/Documents/Drips Miantainer Project/Web3-Student-Lab/package.json (directory description file): SyntaxError: /home/knights/Documents/Drips Miantainer Project/Web3-Student-Lab/package.json (directory description file): SyntaxError: /home/knights/Documents/Drips Miantainer Project/Web3-Student-Lab/package.json (directory description file): SyntaxError: /home/knights/Documents/Drips Miantainer Project/Web3-Student-Lab/package.json (directory description file): SyntaxError: /home/knights/Documents/Drips Miantainer Project/Web3-Student-Lab/package.json (directory description file): SyntaxError: /home/knights/Documents/Drips Miantainer Project/Web3-Student-Lab/package.json (directory description file): SyntaxError: /home/knights/Documents/Drips Miantainer Project/Web3-Student-Lab/package.json (directory description file): SyntaxError: /home/knights/Documents/Drips Miantainer Project/Web3-Student-Lab/package.json (directory description file): SyntaxError: /home/knights/Documents/Drips Miantainer Project/Web3-Student-Lab/package.json (directory description file): SyntaxError: /home/knights/Documents/Drips Miantainer Project/Web3-Student-Lab/package.json (directory description file): SyntaxError: /home/knights/Documents/Drips Miantainer Project/Web3-Student-Lab/package.json (directory description file): SyntaxError: /home/knights/Documents/Drips Miantainer Project/Web3-Student-Lab/package.json (directory description file): SyntaxError: /home/knights/Documents/Drips Miantainer Project/Web3-Student-Lab/package.json (directory description file): SyntaxError: /home/knights/Documents/Drips Miantainer Project/Web3-Student-Lab/package.json (directory description file): SyntaxError: /home/knights/Documents/Drips Miantainer Project/Web3-Student-Lab/package.json (directory description file): SyntaxError: /home/knights/Documents/Drips Miantainer Project/Web3-Student-Lab/package.json (directory description file): SyntaxError: /home/knights/Documents/Drips Miantainer Project/Web3-Student-Lab/package.json (directory description file): SyntaxError: /home/knights/Documents/Drips Miantainer Project/Web3-Student-Lab/package.json (directory description file): SyntaxError: /home/knights/Documents/Drips Miantainer Project/Web3-Student-Lab/package.json (directory description file): SyntaxError: /home/knights/Documents/Drips Miantainer Project/Web3-Student-Lab/package.json (directory description file): SyntaxError: /home/knights/Documents/Drips Miantainer Project/Web3-Student-Lab/package.json (directory description file): SyntaxError: /home/knights/Documents/Drips Miantainer Project/Web3-Student-Lab/package.json (directory description file): SyntaxError: /home/knights/Documents/Drips Miantainer Project/Web3-Student-Lab/package.json (directory description file): SyntaxError: /home/knights/Documents/Drips Miantainer Project/Web3-Student-Lab/package.json (directory description file): SyntaxError: /home/knights/Documents/Drips Miantainer Project/Web3-Student-Lab/package.json (directory description file): SyntaxError: /home/knights/Documents/Drips Miantainer Project/Web3-Student-Lab/package.json (directory description file): SyntaxError: Unexpected token ' ', "          "... is not valid JSON

https://nextjs.org/docs/messages/module-not-found

Import trace for requested module:
./src/components/review/PeerReviewDashboard.tsx
./src/app/peer-review/page.tsx


> Build failed because of webpack errors
